Component: ARM Compiler 5.06 update 5 (build 528) Tool: armlink [4d35e2]

==============================================================================

Section Cross References

    startup_stm32f10x_md.o(STACK) refers (Special) to heapauxi.o(.text) for __use_two_region_memory
    startup_stm32f10x_md.o(HEAP) refers (Special) to heapauxi.o(.text) for __use_two_region_memory
    startup_stm32f10x_md.o(RESET) refers (Special) to heapauxi.o(.text) for __use_two_region_memory
    startup_stm32f10x_md.o(RESET) refers to startup_stm32f10x_md.o(STACK) for __initial_sp
    startup_stm32f10x_md.o(RESET) refers to startup_stm32f10x_md.o(.text) for Reset_Handler
    startup_stm32f10x_md.o(RESET) refers to stm32f10x_it.o(i.NMI_Handler) for NMI_Handler
    startup_stm32f10x_md.o(RESET) refers to stm32f10x_it.o(i.HardFault_Handler) for HardFault_Handler
    startup_stm32f10x_md.o(RESET) refers to stm32f10x_it.o(i.MemManage_Handler) for MemManage_Handler
    startup_stm32f10x_md.o(RESET) refers to stm32f10x_it.o(i.BusFault_Handler) for BusFault_Handler
    startup_stm32f10x_md.o(RESET) refers to stm32f10x_it.o(i.UsageFault_Handler) for UsageFault_Handler
    startup_stm32f10x_md.o(RESET) refers to stm32f10x_it.o(i.SVC_Handler) for SVC_Handler
    startup_stm32f10x_md.o(RESET) refers to stm32f10x_it.o(i.DebugMon_Handler) for DebugMon_Handler
    startup_stm32f10x_md.o(RESET) refers to stm32f10x_it.o(i.PendSV_Handler) for PendSV_Handler
    startup_stm32f10x_md.o(RESET) refers to stm32f10x_it.o(i.SysTick_Handler) for SysTick_Handler
    startup_stm32f10x_md.o(RESET) refers to main.o(i.TIM1_UP_IRQHandler) for TIM1_UP_IRQHandler
    startup_stm32f10x_md.o(RESET) refers to serial.o(i.USART1_IRQHandler) for USART1_IRQHandler
    startup_stm32f10x_md.o(RESET) refers to blueserial.o(i.USART2_IRQHandler) for USART2_IRQHandler
    startup_stm32f10x_md.o(.text) refers (Special) to heapauxi.o(.text) for __use_two_region_memory
    startup_stm32f10x_md.o(.text) refers to system_stm32f10x.o(i.SystemInit) for SystemInit
    startup_stm32f10x_md.o(.text) refers to __main.o(!!!main) for __main
    startup_stm32f10x_md.o(.text) refers to startup_stm32f10x_md.o(HEAP) for Heap_Mem
    startup_stm32f10x_md.o(.text) refers to startup_stm32f10x_md.o(STACK) for Stack_Mem
    system_stm32f10x.o(i.SetSysClock) refers to system_stm32f10x.o(i.SetSysClockTo72) for SetSysClockTo72
    system_stm32f10x.o(i.SystemCoreClockUpdate) refers to system_stm32f10x.o(.data) for SystemCoreClock
    system_stm32f10x.o(i.SystemInit) refers to system_stm32f10x.o(i.SetSysClock) for SetSysClock
    stm32f10x_adc.o(i.ADC_DeInit) refers to stm32f10x_rcc.o(i.RCC_APB2PeriphResetCmd) for RCC_APB2PeriphResetCmd
    stm32f10x_bkp.o(i.BKP_DeInit) refers to stm32f10x_rcc.o(i.RCC_BackupResetCmd) for RCC_BackupResetCmd
    stm32f10x_can.o(i.CAN_DeInit) refers to stm32f10x_rcc.o(i.RCC_APB1PeriphResetCmd) for RCC_APB1PeriphResetCmd
    stm32f10x_can.o(i.CAN_GetITStatus) refers to stm32f10x_can.o(i.CheckITStatus) for CheckITStatus
    stm32f10x_cec.o(i.CEC_DeInit) refers to stm32f10x_rcc.o(i.RCC_APB1PeriphResetCmd) for RCC_APB1PeriphResetCmd
    stm32f10x_dac.o(i.DAC_DeInit) refers to stm32f10x_rcc.o(i.RCC_APB1PeriphResetCmd) for RCC_APB1PeriphResetCmd
    stm32f10x_flash.o(i.FLASH_EnableWriteProtection) refers to stm32f10x_flash.o(i.FLASH_WaitForLastOperation) for FLASH_WaitForLastOperation
    stm32f10x_flash.o(i.FLASH_EraseAllBank1Pages) refers to stm32f10x_flash.o(i.FLASH_WaitForLastBank1Operation) for FLASH_WaitForLastBank1Operation
    stm32f10x_flash.o(i.FLASH_EraseAllPages) refers to stm32f10x_flash.o(i.FLASH_WaitForLastOperation) for FLASH_WaitForLastOperation
    stm32f10x_flash.o(i.FLASH_EraseOptionBytes) refers to stm32f10x_flash.o(i.FLASH_GetReadOutProtectionStatus) for FLASH_GetReadOutProtectionStatus
    stm32f10x_flash.o(i.FLASH_EraseOptionBytes) refers to stm32f10x_flash.o(i.FLASH_WaitForLastOperation) for FLASH_WaitForLastOperation
    stm32f10x_flash.o(i.FLASH_ErasePage) refers to stm32f10x_flash.o(i.FLASH_WaitForLastOperation) for FLASH_WaitForLastOperation
    stm32f10x_flash.o(i.FLASH_ProgramHalfWord) refers to stm32f10x_flash.o(i.FLASH_WaitForLastOperation) for FLASH_WaitForLastOperation
    stm32f10x_flash.o(i.FLASH_ProgramOptionByteData) refers to stm32f10x_flash.o(i.FLASH_WaitForLastOperation) for FLASH_WaitForLastOperation
    stm32f10x_flash.o(i.FLASH_ProgramWord) refers to stm32f10x_flash.o(i.FLASH_WaitForLastOperation) for FLASH_WaitForLastOperation
    stm32f10x_flash.o(i.FLASH_ReadOutProtection) refers to stm32f10x_flash.o(i.FLASH_WaitForLastOperation) for FLASH_WaitForLastOperation
    stm32f10x_flash.o(i.FLASH_UserOptionByteConfig) refers to stm32f10x_flash.o(i.FLASH_WaitForLastOperation) for FLASH_WaitForLastOperation
    stm32f10x_flash.o(i.FLASH_WaitForLastBank1Operation) refers to stm32f10x_flash.o(i.FLASH_GetBank1Status) for FLASH_GetBank1Status
[...]
    _printf_ll                               0x080001c5   Thumb Code     0  _printf_ll.o(.ARM.Collect$$_printf_percent$$00000007)
    _printf_i                                0x080001cf   Thumb Code     0  _printf_i.o(.ARM.Collect$$_printf_percent$$00000008)
    _printf_d                                0x080001d5   Thumb Code     0  _printf_d.o(.ARM.Collect$$_printf_percent$$00000009)
    _printf_u                                0x080001db   Thumb Code     0  _printf_u.o(.ARM.Collect$$_printf_percent$$0000000A)
    _printf_o                                0x080001e1   Thumb Code     0  _printf_o.o(.ARM.Collect$$_printf_percent$$0000000B)
    _printf_x                                0x080001e7   Thumb Code     0  _printf_x.o(.ARM.Collect$$_printf_percent$$0000000C)
    _printf_lli                              0x080001ed   Thumb Code     0  _printf_lli.o(.ARM.Collect$$_printf_percent$$0000000D)
    _printf_lld                              0x080001f3   Thumb Code     0  _printf_lld.o(.ARM.Collect$$_printf_percent$$0000000E)
    _printf_llu                              0x080001f9   Thumb Code     0  _printf_llu.o(.ARM.Collect$$_printf_percent$$0000000F)
    _printf_llo                              0x080001ff   Thumb Code     0  _printf_llo.o(.ARM.Collect$$_printf_percent$$00000010)
    _printf_llx                              0x08000205   Thumb Code     0  _printf_llx.o(.ARM.Collect$$_printf_percent$$00000011)
    _printf_l                                0x0800020b   Thumb Code     0  _printf_l.o(.ARM.Collect$$_printf_percent$$00000012)
    _printf_c                                0x08000215   Thumb Code     0  _printf_c.o(.ARM.Collect$$_printf_percent$$00000013)
    _printf_s                                0x0800021b   Thumb Code     0  _printf_s.o(.ARM.Collect$$_printf_percent$$00000014)
    _printf_lc                               0x08000221   Thumb Code     0  _printf_lc.o(.ARM.Collect$$_printf_percent$$00000015)
    _printf_ls                               0x08000227   Thumb Code     0  _printf_ls.o(.ARM.Collect$$_printf_percent$$00000016)
    _printf_percent_end                      0x0800022d   Thumb Code     0  _printf_percent_end.o(.ARM.Collect$$_printf_percent$$00000017)
    __rt_lib_init                            0x08000231   Thumb Code     0  libinit.o(.ARM.Collect$$libinit$$00000000)
    __rt_lib_init_fp_1                       0x08000233   Thumb Code     0  libinit2.o(.ARM.Collect$$libinit$$00000002)
    __rt_lib_init_heap_1                     0x08000233   Thumb Code     0  libinit2.o(.ARM.Collect$$libinit$$0000000A)
    __rt_lib_init_lc_common                  0x08000233   Thumb Code     0  libinit2.o(.ARM.Collect$$libinit$$0000000F)
    __rt_lib_init_preinit_1                  0x08000233   Thumb Code     0  libinit2.o(.ARM.Collect$$libinit$$00000004)
    __rt_lib_init_rand_1                     0x08000233   Thumb Code     0  libinit2.o(.ARM.Collect$$libinit$$0000000E)
    __rt_lib_init_user_alloc_1               0x08000233   Thumb Code     0  libinit2.o(.ARM.Collect$$libinit$$0000000C)
    __rt_lib_init_lc_collate_1               0x08000239   Thumb Code     0  libinit2.o(.ARM.Collect$$libinit$$00000011)
    __rt_lib_init_lc_ctype_2                 0x08000239   Thumb Code     0  libinit2.o(.ARM.Collect$$libinit$$00000012)
    __rt_lib_init_lc_ctype_1                 0x08000245   Thumb Code     0  libinit2.o(.ARM.Collect$$libinit$$00000013)
    __rt_lib_init_lc_monetary_1              0x08000245   Thumb Code     0  libinit2.o(.ARM.Collect$$libinit$$00000015)
    __rt_lib_init_lc_numeric_2               0x08000245   Thumb Code     0  libinit2.o(.ARM.Collect$$libinit$$00000016)
    __rt_lib_init_alloca_1                   0x0800024f   Thumb Code     0  libinit2.o(.ARM.Collect$$libinit$$0000002E)
    __rt_lib_init_argv_1                     0x0800024f   Thumb Code     0  libinit2.o(.ARM.Collect$$libinit$$0000002C)
    __rt_lib_init_atexit_1                   0x0800024f   Thumb Code     0  libinit2.o(.ARM.Collect$$libinit$$0000001B)
    __rt_lib_init_clock_1                    0x0800024f   Thumb Code     0  libinit2.o(.ARM.Collect$$libinit$$00000021)
    __rt_lib_init_cpp_1                      0x0800024f   Thumb Code     0  libinit2.o(.ARM.Collect$$libinit$$00000032)
    __rt_lib_init_exceptions_1               0x0800024f   Thumb Code     0  libinit2.o(.ARM.Collect$$libinit$$00000030)
    __rt_lib_init_fp_trap_1                  0x0800024f   Thumb Code     0  libinit2.o(.ARM.Collect$$libinit$$0000001F)
    __rt_lib_init_getenv_1                   0x0800024f   Thumb Code     0  libinit2.o(.ARM.Collect$$libinit$$00000023)
    __rt_lib_init_lc_numeric_1               0x0800024f   Thumb Code     0  libinit2.o(.ARM.Collect$$libinit$$00000017)
    __rt_lib_init_lc_time_1                  0x0800024f   Thumb Code     0  libinit2.o(.ARM.Collect$$libinit$$00000019)
    __rt_lib_init_return                     0x0800024f   Thumb Code     0  libinit2.o(.ARM.Collect$$libinit$$00000033)
    __rt_lib_init_signal_1                   0x0800024f   Thumb Code     0  libinit2.o(.ARM.Collect$$libinit$$0000001D)
    __rt_lib_init_stdio_1                    0x0800024f   Thumb Code     0  libinit2.o(.ARM.Collect$$libinit$$00000025)
    __rt_lib_shutdown                        0x08000251   Thumb Code     0  libshutdown.o(.ARM.Collect$$libshutdown$$00000000)
    __rt_lib_shutdown_cpp_1                  0x08000253   Thumb Code     0  libshutdown2.o(.ARM.Collect$$libshutdown$$00000002)
    __rt_lib_shutdown_fp_trap_1              0x08000253   Thumb Code     0  libshutdown2.o(.ARM.Collect$$libshutdown$$00000007)
    __rt_lib_shutdown_heap_1                 0x08000253   Thumb Code     0  libshutdown2.o(.ARM.Collect$$libshutdown$$0000000F)
    __rt_lib_shutdown_return                 0x08000253   Thumb Code     0  libshutdown2.o(.ARM.Collect$$libshutdown$$00000010)
    __rt_lib_shutdown_signal_1               0x08000253   Thumb Code     0  libshutdown2.o(.ARM.Collect$$libshutdown$$0000000A)
    __rt_lib_shutdown_stdio_1                0x08000253   Thumb Code     0  libshutdown2.o(.ARM.Collect$$libshutdown$$00000004)
    __rt_lib_shutdown_user_alloc_1           0x08000253   Thumb Code     0  libshutdown2.o(.ARM.Collect$$libshutdown$$0000000C)
    __rt_entry                               0x08000255   Thumb Code     0  __rtentry.o(.ARM.Collect$$rtentry$$00000000)
    __rt_entry_presh_1                       0x08000255   Thumb Code     0  __rtentry2.o(.ARM.Collect$$rtentry$$00000002)
    __rt_entry_sh                            0x08000255   Thumb Code     0  __rtentry4.o(.ARM.Collect$$rtentry$$00000004)
    __rt_entry_li                            0x0800025b   Thumb Code     0  __rtentry2.o(.ARM.Collect$$rtentry$$0000000A)
    __rt_entry_postsh_1                      0x0800025b   Thumb Code     0  __rtentry2.o(.ARM.Collect$$rtentry$$00000009)
    __rt_entry_main                          0x0800025f   Thumb Code     0  __rtentry2.o(.ARM.Collect$$rtentry$$0000000D)
    __rt_entry_postli_1                      0x0800025f   Thumb Code     0  __rtentry2.o(.ARM.Collect$$rtentry$$0000000C)
    __rt_exit                                0x08000267   Thumb Code     0  rtexit.o(.ARM.Collect$$rtexit$$00000000)
    __rt_exit_ls                             0x08000269   Thumb Code     0  rtexit2.o(.ARM.Collect$$rtexit$$00000003)
    __rt_exit_prels_1                        0x08000269   Thumb Code     0  rtexit2.o(.ARM.Collect$$rtexit$$00000002)
    __rt_exit_exit                           0x0800026d   Thumb Code     0  rtexit2.o(.ARM.Collect$$rtexit$$00000004)
    Reset_Handler                            0x08000275   Thumb Code     8  startup_stm32f10x_md.o(.text)
    ADC1_2_IRQHandler                        0x0800028f   Thumb Code     0  startup_stm32f10x_md.o(.text)
    CAN1_RX1_IRQHandler                      0x0800028f   Thumb Code     0  startup_stm32f10x_md.o(.text)
    CAN1_SCE_IRQHandler                      0x0800028f   Thumb Code     0  startup_stm32f10x_md.o(.text)
    DMA1_Channel1_IRQHandler                 0x0800028f   Thumb Code     0  startup_stm32f10x_md.o(.text)
    DMA1_Channel2_IRQHandler                 0x0800028f   Thumb Code     0  startup_stm32f10x_md.o(.text)
    DMA1_Channel3_IRQHandler                 0x0800028f   Thumb Code     0  startup_stm32f10x_md.o(.text)
    DMA1_Channel4_IRQHandler                 0x0800028f   Thumb Code     0  startup_stm32f10x_md.o(.text)
    DMA1_Channel5_IRQHandler                 0x0800028f   Thumb Code     0  startup_stm32f10x_md.o(.text)
    DMA1_Channel6_IRQHandler                 0x0800028f   Thumb Code     0  startup_stm32f10x_md.o(.text)
    DMA1_Channel7_IRQHandler                 0x0800028f   Thumb Code     0  startup_stm32f10x_md.o(.text)
    EXTI0_IRQHandler                         0x0800028f   Thumb Code     0  startup_stm32f10x_md.o(.text)
    EXTI15_10_IRQHandler                     0x0800028f   Thumb Code     0  startup_stm32f10x_md.o(.text)
    EXTI1_IRQHandler                         0x0800028f   Thumb Code     0  startup_stm32f10x_md.o(.text)
    EXTI2_IRQHandler                         0x0800028f   Thumb Code     0  startup_stm32f10x_md.o(.text)
    EXTI3_IRQHandler                         0x0800028f   Thumb Code     0  startup_stm32f10x_md.o(.text)
    EXTI4_IRQHandler                         0x0800028f   Thumb Code     0  startup_stm32f10x_md.o(.text)
    EXTI9_5_IRQHandler                       0x0800028f   Thumb Code     0  startup_stm32f10x_md.o(.text)
    FLASH_IRQHandler                         0x0800028f   Thumb Code     0  startup_stm32f10x_md.o(.text)
    I2C1_ER_IRQHandler                       0x0800028f   Thumb Code     0  startup_stm32f10x_md.o(.text)
    I2C1_EV_IRQHandler                       0x0800028f   Thumb Code     0  startup_stm32f10x_md.o(.text)
    I2C2_ER_IRQHandler                       0x0800028f   Thumb Code     0  startup_stm32f10x_md.o(.text)
    I2C2_EV_IRQHandler                       0x0800028f   Thumb Code     0  startup_stm32f10x_md.o(.text)
    PVD_IRQHandler                           0x0800028f   Thumb Code     0  startup_stm32f10x_md.o(.text)
    RCC_IRQHandler                           0x0800028f   Thumb Code     0  startup_stm32f10x_md.o(.text)
    RTCAlarm_IRQHandler                      0x0800028f   Thumb Code     0  startup_stm32f10x_md.o(.text)
    RTC_IRQHandler                           0x0800028f   Thumb Code     0  startup_stm32f10x_md.o(.text)
    SPI1_IRQHandler                          0x0800028f   Thumb Code     0  startup_stm32f10x_md.o(.text)
    SPI2_IRQHandler                          0x0800028f   Thumb Code     0  startup_stm32f10x_md.o(.text)
    TAMPER_IRQHandler                        0x0800028f   Thumb Code     0  startup_stm32f10x_md.o(.text)
    TIM1_BRK_IRQHandler                      0x0800028f   Thumb Code     0  startup_stm32f10x_md.o(.text)
    TIM1_CC_IRQHandler                       0x0800028f   Thumb Code     0  startup_stm32f10x_md.o(.text)
    TIM1_TRG_COM_IRQHandler                  0x0800028f   Thumb Code     0  startup_stm32f10x_md.o(.text)
    TIM2_IRQHandler                          0x0800028f   Thumb Code     0  startup_stm32f10x_md.o(.text)
    TIM3_IRQHandler                          0x0800028f   Thumb Code     0  startup_stm32f10x_md.o(.text)
    TIM4_IRQHandler                          0x0800028f   Thumb Code     0  startup_stm32f10x_md.o(.text)
    USART3_IRQHandler                        0x0800028f   Thumb Code     0  startup_stm32f10x_md.o(.text)
    USBWakeUp_IRQHandler                     0x0800028f   Thumb Code     0  startup_stm32f10x_md.o(.text)
    USB_HP_CAN1_TX_IRQHandler                0x0800028f   Thumb Code     0  startup_stm32f10x_md.o(.text)
    USB_LP_CAN1_RX0_IRQHandler               0x0800028f   Thumb Code     0  startup_stm32f10x_md.o(.text)
    WWDG_IRQHandler                          0x0800028f   Thumb Code     0  startup_stm32f10x_md.o(.text)
    __user_initial_stackheap                 0x08000291   Thumb Code     0  startup_stm32f10x_md.o(.text)
    vsprintf                                 0x080002b5   Thumb Code    32  vsprintf.o(.text)
    atoi                                     0x080002d9   Thumb Code    26  atoi.o(.text)
    strtok                                   0x080002f5   Thumb Code     6  strtok.o(.text)
    strcmp                                   0x08000301   Thumb Code   128  strcmpv7m.o(.text)
    __use_two_region_memory                  0x08000381   Thumb Code     2  heapauxi.o(.text)
    __rt_heap_escrow$2region                 0x08000383   Thumb Code     2  heapauxi.o(.text)
    __rt_heap_expand$2region                 0x08000385   Thumb Code     2  heapauxi.o(.text)
    __aeabi_errno_addr                       0x08000389   Thumb Code     8  rt_errno_addr_intlibspace.o(.text)
    __errno$intlibspace                      0x08000389   Thumb Code     0  rt_errno_addr_intlibspace.o(.text)
    __rt_errno_addr$intlibspace              0x08000389   Thumb Code     0  rt_errno_addr_intlibspace.o(.text)
    __read_errno                             0x08000391   Thumb Code    10  _rserrno.o(.text)
    __set_errno                              0x0800039b   Thumb Code    12  _rserrno.o(.text)
    _printf_pre_padding                      0x080003a7   Thumb Code    44  _printf_pad.o(.text)
    _printf_post_padding                     0x080003d3   Thumb Code    34  _printf_pad.o(.text)
    _printf_truncate_signed                  0x080003f5   Thumb Code    18  _printf_truncate.o(.text)
    _printf_truncate_unsigned                0x08000407   Thumb Code    18  _printf_truncate.o(.text)
    _printf_str                              0x08000419   Thumb Code    82  _printf_str.o(.text)
    _printf_int_dec                          0x0800046d   Thumb Code   104  _printf_dec.o(.text)
    _printf_charcount                        0x080004e5   Thumb Code    40  _printf_charcount.o(.text)
    _printf_char_common                      0x08000517   Thumb Code    32  _printf_char_common.o(.text)
    _sputc                                   0x0800053d   Thumb Code    10  _sputc.o(.text)
    _printf_wctomb                           0x08000549   Thumb Code   182  _printf_wctomb.o(.text)
    _printf_longlong_dec                     0x08000605   Thumb Code   108  _printf_longlong_dec.o(.text)
    _printf_longlong_oct                     0x08000681   Thumb Code    66  _printf_oct_int_ll.o(.text)
    _printf_int_oct                          0x080006c3   Thumb Code    24  _printf_oct_int_ll.o(.text)
    _printf_ll_oct                           0x080006db   Thumb Code    12  _printf_oct_int_ll.o(.text)
    _printf_longlong_hex                     0x080006f1   Thumb Code    86  _printf_hex_int_ll_ptr.o(.text)
    _printf_int_hex                          0x08000747   Thumb Code    28  _printf_hex_int_ll_ptr.o(.text)
    _printf_ll_hex                           0x08000763   Thumb Code    12  _printf_hex_int_ll_ptr.o(.text)
    _printf_hex_ptr                          0x0800076f   Thumb Code    18  _printf_hex_int_ll_ptr.o(.text)
    __printf                                 0x08000785   Thumb Code   388  __printf_flags_ss_wp.o(.text)
    __strtod_int                             0x08000949   Thumb Code    90  strtod.o(.text)
    strtol                                   0x080009b1   Thumb Code   112  strtol.o(.text)
    __strtok_internal                        0x08000a21   Thumb Code    64  strtok_int.o(.text)
    __user_libspace                          0x08000a65   Thumb Code     8  libspace.o(.text)
    __user_perproc_libspace                  0x08000a65   Thumb Code     0  libspace.o(.text)
    __user_perthread_libspace                0x08000a65   Thumb Code     0  libspace.o(.text)
    __rt_ctype_table                         0x08000a6d   Thumb Code    16  rt_ctype_table.o(.text)
    _ll_udiv10                               0x08000a7d   Thumb Code   138  lludiv10.o(.text)
    isspace                                  0x08000b07   Thumb Code    18  isspace.o(.text)
    _printf_int_common                       0x08000b19   Thumb Code   178  _printf_intcommon.o(.text)
    __lib_sel_fp_printf                      0x08000bcb   Thumb Code     2  _printf_fp_dec.o(.text)
    _printf_fp_dec_real                      0x08000d7d   Thumb Code   620  _printf_fp_dec.o(.text)
    _printf_fp_hex_real                      0x08000fe9   Thumb Code   756  _printf_fp_hex.o(.text)
    _printf_cs_common                        0x080012e5   Thumb Code    20  _printf_char.o(.text)
    _printf_char                             0x080012f9   Thumb Code    16  _printf_char.o(.text)
    _printf_string                           0x08001309   Thumb Code     8  _printf_char.o(.text)
    _printf_lcs_common                       0x08001311   Thumb Code    20  _printf_wchar.o(.text)
    _printf_wchar                            0x08001325   Thumb Code    16  _printf_wchar.o(.text)
    _printf_wstring                          0x08001335   Thumb Code     8  _printf_wchar.o(.text)
    _sgetc                                   0x0800133d   Thumb Code    30  _sgetc.o(.text)
    _sbackspace                              0x0800135b   Thumb Code    34  _sgetc.o(.text)
    _strtoul                                 0x0800137d   Thumb Code   158  _strtoul.o(.text)
    _wcrtomb                                 0x0800141b   Thumb Code    64  _wcrtomb.o(.text)
    strcspn                                  0x0800145b   Thumb Code    32  strcspn.o(.text)
    strspn                                   0x0800147b   Thumb Code    28  strspn.o(.text)
    __user_setup_stackheap                   0x08001497   Thumb Code    74  sys_stackheap_outer.o(.text)
    __rt_locale                              0x080014e1   Thumb Code     8  rt_locale_intlibspace.o(.text)
    _printf_fp_infnan                        0x080014e9   Thumb Code   112  _printf_fp_infnan.o(.text)
    _chval                                   0x08001569   Thumb Code    28  _chval.o(.text)
    _scanf_really_real                       0x080017d1   Thumb Code   684  scanf_fp.o(.text)
    _btod_etento                             0x08001a7d   Thumb Code   224  bigflt0.o(.text)
    exit                                     0x08001b61   Thumb Code    18  exit.o(.text)
    _scanf_really_hex_real                   0x08001b75   Thumb Code   786  scanf_hexfp.o(.text)
    _scanf_really_infnan                     0x08001e95   Thumb Code   292  scanf_infnan.o(.text)
    _sys_exit                                0x08001fc9   Thumb Code     8  sys_exit.o(.text)
    __aeabi_llsl                             0x08001fd5   Thumb Code     0  llshl.o(.text)
    _ll_shift_l                              0x08001fd5   Thumb Code    38  llshl.o(.text)
    __I$use$semihosting                      0x08001ffb   Thumb Code     0  use_no_semi.o(.text)
    __use_no_semihosting_swi                 0x08001ffb   Thumb Code     2  use_no_semi.o(.text)
    __semihosting_library_function           0x08001ffd   Thumb Code     0  indicate_semi.o(.text)
    _btod_d2e                                0x08001ffd   Thumb Code    62  btod.o(CL$$btod_d2e)
    _d2e_denorm_low                          0x0800203b   Thumb Code    70  btod.o(CL$$btod_d2e_denorm_low)
    _d2e_norm_op1                            0x08002081   Thumb Code    96  btod.o(CL$$btod_d2e_norm_op1)
    __btod_div_common                        0x080020e1   Thumb Code   696  btod.o(CL$$btod_div_common)
    _e2d                                     0x08002419   Thumb Code   122  btod.o(CL$$btod_e2d)
    _e2e                                     0x0800249d   Thumb Code   220  btod.o(CL$$btod_e2e)
    _btod_ediv                               0x08002579   Thumb Code    42  btod.o(CL$$btod_ediv)
    _btod_edivd                              0x080025a3   Thumb Code    42  btod.o(CL$$btod_edivd)
    _btod_emul                               0x080025cd   Thumb Code    42  btod.o(CL$$btod_emul)
    _btod_emuld                              0x080025f7   Thumb Code    42  btod.o(CL$$btod_emuld)
    __btod_mult_common                       0x08002621   Thumb Code   580  btod.o(CL$$btod_mult_common)
    BlueSerial_Init                          0x08002865   Thumb Code   170  blueserial.o(i.BlueSerial_Init)
    BlueSerial_Printf                        0x08002919   Thumb Code    36  blueserial.o(i.BlueSerial_Printf)
    BlueSerial_SendByte                      0x0800293d   Thumb Code    28  blueserial.o(i.BlueSerial_SendByte)
    BlueSerial_SendString                    0x0800295d   Thumb Code    26  blueserial.o(i.BlueSerial_SendString)
    BusFault_Handler                         0x08002977   Thumb Code     4  stm32f10x_it.o(i.BusFault_Handler)
    DebugMon_Handler                         0x0800297b   Thumb Code     2  stm32f10x_it.o(i.DebugMon_Handler)
    Encoder_Get                              0x0800297d   Thumb Code    56  encoder.o(i.Encoder_Get)
    Encoder_Init                             0x080029bd   Thumb Code   296  encoder.o(i.Encoder_Init)
    GPIO_Init                                0x08002af5   Thumb Code   278  stm32f10x_gpio.o(i.GPIO_Init)
    GPIO_ReadInputDataBit                    0x08002c0b   Thumb Code    18  stm32f10x_gpio.o(i.GPIO_ReadInputDataBit)
    GPIO_ResetBits                           0x08002c1d   Thumb Code     4  stm32f10x_gpio.o(i.GPIO_ResetBits)
    GPIO_SetBits                             0x08002c21   Thumb Code     4  stm32f10x_gpio.o(i.GPIO_SetBits)
    GPIO_WriteBit                            0x08002c25   Thumb Code    10  stm32f10x_gpio.o(i.GPIO_WriteBit)
    HardFault_Handler                        0x08002c2f   Thumb Code     4  stm32f10x_it.o(i.HardFault_Handler)
    Key_GetNum                               0x08002c35   Thumb Code    24  key.o(i.Key_GetNum)
    Key_GetState                             0x08002c51   Thumb Code    62  key.o(i.Key_GetState)
    Key_Init                                 0x08002c99   Thumb Code    58  key.o(i.Key_Init)
    Key_Tick                                 0x08002cdd   Thumb Code    62  key.o(i.Key_Tick)
    LED_Init                                 0x08002d2d   Thumb Code    48  led.o(i.LED_Init)
    LED_OFF                                  0x08002d61   Thumb Code    14  led.o(i.LED_OFF)
    LED_ON                                   0x08002d75   Thumb Code    14  led.o(i.LED_ON)
    MPU6050_GetData                          0x08002d89   Thumb Code   130  mpu6050.o(i.MPU6050_GetData)
    MPU6050_Init                             0x08002e0b   Thumb Code    56  mpu6050.o(i.MPU6050_Init)
    MPU6050_ReadRegs                         0x08002e43   Thumb Code    94  mpu6050.o(i.MPU6050_ReadRegs)
    MPU6050_WriteReg                         0x08002ea1   Thumb Code    46  mpu6050.o(i.MPU6050_WriteReg)
    MemManage_Handler                        0x08002ecf   Thumb Code     4  stm32f10x_it.o(i.MemManage_Handler)
    Motor_Init                               0x08002ed5   Thumb Code    44  motor.o(i.Motor_Init)
    Motor_SetPWM                             0x08002f05   Thumb Code   130  motor.o(i.Motor_SetPWM)
    MyI2C_Init                               0x08002f8d   Thumb Code    50  myi2c.o(i.MyI2C_Init)
    MyI2C_R_SDA                              0x08002fc5   Thumb Code    18  myi2c.o(i.MyI2C_R_SDA)
    MyI2C_ReceiveAck                         0x08002fdd   Thumb Code    30  myi2c.o(i.MyI2C_ReceiveAck)
    MyI2C_ReceiveByte                        0x08002ffb   Thumb Code    50  myi2c.o(i.MyI2C_ReceiveByte)
    MyI2C_SendAck                            0x0800302d   Thumb Code    24  myi2c.o(i.MyI2C_SendAck)
    MyI2C_SendByte                           0x08003045   Thumb Code    50  myi2c.o(i.MyI2C_SendByte)
    MyI2C_Start                              0x08003077   Thumb Code    28  myi2c.o(i.MyI2C_Start)
    MyI2C_Stop                               0x08003093   Thumb Code    22  myi2c.o(i.MyI2C_Stop)
    MyI2C_W_SCL                              0x080030a9   Thumb Code    18  myi2c.o(i.MyI2C_W_SCL)
    MyI2C_W_SDA                              0x080030c1   Thumb Code    18  myi2c.o(i.MyI2C_W_SDA)
    NMI_Handler                              0x080030d9   Thumb Code     2  stm32f10x_it.o(i.NMI_Handler)
    NVIC_Init                                0x080030dd   Thumb Code   100  misc.o(i.NVIC_Init)
    NVIC_PriorityGroupConfig                 0x0800314d   Thumb Code    10  misc.o(i.NVIC_PriorityGroupConfig)
    OLED_Clear                               0x08003161   Thumb Code    36  oled.o(i.OLED_Clear)
    OLED_ClearArea                           0x08003189   Thumb Code   140  oled.o(i.OLED_ClearArea)
    OLED_GPIO_Init                           0x08003219   Thumb Code    92  oled.o(i.OLED_GPIO_Init)
    OLED_I2C_SendByte                        0x08003279   Thumb Code    62  oled.o(i.OLED_I2C_SendByte)
    OLED_I2C_Start                           0x080032b7   Thumb Code    28  oled.o(i.OLED_I2C_Start)
    OLED_I2C_Stop                            0x080032d3   Thumb Code    22  oled.o(i.OLED_I2C_Stop)
    OLED_Init                                0x080032e9   Thumb Code   154  oled.o(i.OLED_Init)
    OLED_Printf                              0x08003383   Thumb Code    50  oled.o(i.OLED_Printf)
    OLED_SetCursor                           0x080033b5   Thumb Code    34  oled.o(i.OLED_SetCursor)
    OLED_ShowChar                            0x080033d9   Thumb Code    74  oled.o(i.OLED_ShowChar)
    OLED_ShowImage                           0x0800342d   Thumb Code   248  oled.o(i.OLED_ShowImage)
    OLED_ShowString                          0x08003529   Thumb Code   442  oled.o(i.OLED_ShowString)
    OLED_Update                              0x080036ed   Thumb Code    36  oled.o(i.OLED_Update)
    OLED_W_SCL                               0x08003715   Thumb Code    18  oled.o(i.OLED_W_SCL)
    OLED_W_SDA                               0x0800372d   Thumb Code    18  oled.o(i.OLED_W_SDA)
    OLED_WriteCommand                        0x08003745   Thumb Code    32  oled.o(i.OLED_WriteCommand)
    OLED_WriteData                           0x08003765   Thumb Code    46  oled.o(i.OLED_WriteData)
    PID_Init                                 0x08003793   Thumb Code    18  pid.o(i.PID_Init)
    PID_Update                               0x080037a5   Thumb Code   204  pid.o(i.PID_Update)
    PWM_Init                                 0x08003871   Thumb Code   152  pwm.o(i.PWM_Init)
    PWM_SetCompare1                          0x0800390d   Thumb Code    16  pwm.o(i.PWM_SetCompare1)
    PWM_SetCompare2                          0x0800391d   Thumb Code    16  pwm.o(i.PWM_SetCompare2)
    PendSV_Handler                           0x0800392d   Thumb Code     2  stm32f10x_it.o(i.PendSV_Handler)
    RCC_APB1PeriphClockCmd                   0x08003931   Thumb Code    26  stm32f10x_rcc.o(i.RCC_APB1PeriphClockCmd)
    RCC_APB2PeriphClockCmd                   0x08003951   Thumb Code    26  stm32f10x_rcc.o(i.RCC_APB2PeriphClockCmd)
    RCC_GetClocksFreq                        0x08003971   Thumb Code   192  stm32f10x_rcc.o(i.RCC_GetClocksFreq)
    SVC_Handler                              0x08003a45   Thumb Code     2  stm32f10x_it.o(i.SVC_Handler)
    Serial_Init                              0x08003a49   Thumb Code   174  serial.o(i.Serial_Init)
    SysTick_Handler                          0x08003be9   Thumb Code     2  stm32f10x_it.o(i.SysTick_Handler)
    SystemInit                               0x08003bed   Thumb Code    78  system_stm32f10x.o(i.SystemInit)
    TIM1_UP_IRQHandler                       0x08003e8d   Thumb Code   842  main.o(i.TIM1_UP_IRQHandler)
    TIM_ClearFlag                            0x08004281   Thumb Code     6  stm32f10x_tim.o(i.TIM_ClearFlag)
    TIM_ClearITPendingBit                    0x08004287   Thumb Code     6  stm32f10x_tim.o(i.TIM_ClearITPendingBit)
    TIM_Cmd                                  0x0800428d   Thumb Code    24  stm32f10x_tim.o(i.TIM_Cmd)
    TIM_EncoderInterfaceConfig               0x080042a5   Thumb Code    66  stm32f10x_tim.o(i.TIM_EncoderInterfaceConfig)
    TIM_GetCounter                           0x080042e7   Thumb Code     6  stm32f10x_tim.o(i.TIM_GetCounter)
    TIM_GetITStatus                          0x080042ed   Thumb Code    34  stm32f10x_tim.o(i.TIM_GetITStatus)
    TIM_ICInit                               0x08004311   Thumb Code   150  stm32f10x_tim.o(i.TIM_ICInit)
    TIM_ICStructInit                         0x080043bd   Thumb Code    18  stm32f10x_tim.o(i.TIM_ICStructInit)
    TIM_ITConfig                             0x080043cf   Thumb Code    18  stm32f10x_tim.o(i.TIM_ITConfig)
    TIM_InternalClockConfig                  0x080043e1   Thumb Code    12  stm32f10x_tim.o(i.TIM_InternalClockConfig)
    TIM_OC1Init                              0x080043ed   Thumb Code   132  stm32f10x_tim.o(i.TIM_OC1Init)
    TIM_OC2Init                              0x08004485   Thumb Code   154  stm32f10x_tim.o(i.TIM_OC2Init)
    TIM_OCStructInit                         0x08004529   Thumb Code    20  stm32f10x_tim.o(i.TIM_OCStructInit)
    TIM_SetCompare1                          0x0800453d   Thumb Code     4  stm32f10x_tim.o(i.TIM_SetCompare1)
    TIM_SetCompare2                          0x08004541   Thumb Code     4  stm32f10x_tim.o(i.TIM_SetCompare2)
    TIM_SetCounter                           0x08004545   Thumb Code     4  stm32f10x_tim.o(i.TIM_SetCounter)
    TIM_SetIC1Prescaler                      0x08004549   Thumb Code    18  stm32f10x_tim.o(i.TIM_SetIC1Prescaler)
    TIM_SetIC2Prescaler                      0x0800455b   Thumb Code    26  stm32f10x_tim.o(i.TIM_SetIC2Prescaler)
    TIM_SetIC3Prescaler                      0x08004575   Thumb Code    18  stm32f10x_tim.o(i.TIM_SetIC3Prescaler)
    TIM_SetIC4Prescaler                      0x08004587   Thumb Code    26  stm32f10x_tim.o(i.TIM_SetIC4Prescaler)
    TIM_TimeBaseInit                         0x080045a1   Thumb Code   122  stm32f10x_tim.o(i.TIM_TimeBaseInit)
    Timer_Init                               0x08004645   Thumb Code   120  timer.o(i.Timer_Init)
    USART1_IRQHandler                        0x080046c1   Thumb Code    44  serial.o(i.USART1_IRQHandler)
    USART2_IRQHandler                        0x080046f9   Thumb Code   120  blueserial.o(i.USART2_IRQHandler)
    USART_ClearITPendingBit                  0x08004785   Thumb Code    30  stm32f10x_usart.o(i.USART_ClearITPendingBit)
    USART_Cmd                                0x080047a3   Thumb Code    24  stm32f10x_usart.o(i.USART_Cmd)
    USART_GetFlagStatus                      0x080047bb   Thumb Code    26  stm32f10x_usart.o(i.USART_GetFlagStatus)
    USART_GetITStatus                        0x080047d5   Thumb Code    84  stm32f10x_usart.o(i.USART_GetITStatus)
    USART_ITConfig                           0x08004829   Thumb Code    74  stm32f10x_usart.o(i.USART_ITConfig)
    USART_Init                               0x08004875   Thumb Code   210  stm32f10x_usart.o(i.USART_Init)
    USART_ReceiveData                        0x0800494d   Thumb Code    10  stm32f10x_usart.o(i.USART_ReceiveData)
    USART_SendData                           0x08004957   Thumb Code     8  stm32f10x_usart.o(i.USART_SendData)
    UsageFault_Handler                       0x0800495f   Thumb Code     4  stm32f10x_it.o(i.UsageFault_Handler)
    __ARM_fpclassify                         0x08004963   Thumb Code    40  fpclassify.o(i.__ARM_fpclassify)
    __kernel_poly                            0x0800498b   Thumb Code   170  poly.o(i.__kernel_poly)
    __mathlib_dbl_infnan                     0x08004a35   Thumb Code     6  dunder.o(i.__mathlib_dbl_infnan)
    __mathlib_dbl_infnan2                    0x08004a3b   Thumb Code     4  dunder.o(i.__mathlib_dbl_infnan2)
    __mathlib_dbl_overflow                   0x08004a3f   Thumb Code    14  dunder.o(i.__mathlib_dbl_overflow)
    __mathlib_dbl_underflow                  0x08004a4d   Thumb Code    10  dunder.o(i.__mathlib_dbl_underflow)
    __mathlib_narrow                         0x08004a5d   Thumb Code    16  narrow.o(i.__mathlib_narrow)
    __mathlib_tofloat                        0x08004a6d   Thumb Code   184  narrow.o(i.__mathlib_tofloat)
    __support_ldexp                          0x08004b29   Thumb Code    22  ldexp.o(i.__support_ldexp)
    _is_digit                                0x08004b3f   Thumb Code    14  __printf_wp.o(i._is_digit)
    atan                                     0x08004b4d   Thumb Code   474  atan.o(i.atan)
    atan2                                    0x08004d6d   Thumb Code   346  atan2.o(i.atan2)
    atof                                     0x08004eed   Thumb Code    42  atof.o(i.atof)
    frexp                                    0x08004f19   Thumb Code    80  frexp.o(i.frexp)
    ldexp                                    0x08004f71   Thumb Code   116  ldexp.o(i.ldexp)
    main                                     0x08004fe5   Thumb Code  1340  main.o(i.main)
    _get_lc_numeric                          0x08005521   Thumb Code    44  lc_numeric_c.o(locale$$code)
    _get_lc_ctype                            0x0800554d   Thumb Code    44  lc_ctype_c.o(locale$$code)
    __aeabi_d2f                              0x08005579   Thumb Code     0  d2f.o(x$fpl$d2f)
    _d2f                                     0x08005579   Thumb Code    98  d2f.o(x$fpl$d2f)
    __aeabi_dadd                             0x080055dd   Thumb Code     0  daddsub_clz.o(x$fpl$dadd)
    _dadd                                    0x080055dd   Thumb Code   332  daddsub_clz.o(x$fpl$dadd)
    __fpl_dcheck_NaN1                        0x0800572d   Thumb Code    10  dcheck1.o(x$fpl$dcheck1)
    __fpl_dcmp_Inf                           0x0800573d   Thumb Code    24  dcmpi.o(x$fpl$dcmpinf)
    __aeabi_ddiv                             0x08005755   Thumb Code     0  ddiv.o(x$fpl$ddiv)
    _ddiv                                    0x08005755   Thumb Code   552  ddiv.o(x$fpl$ddiv)
    __aeabi_cdcmpeq                          0x08005a05   Thumb Code     0  deqf.o(x$fpl$deqf)
    _dcmpeq                                  0x08005a05   Thumb Code   120  deqf.o(x$fpl$deqf)
    __aeabi_i2d                              0x08005a7d   Thumb Code     0  dflt_clz.o(x$fpl$dflt)
    _dflt                                    0x08005a7d   Thumb Code    46  dflt_clz.o(x$fpl$dflt)
    __aeabi_cdcmple                          0x08005aad   Thumb Code     0  dleqf.o(x$fpl$dleqf)
    _dcmple                                  0x08005aad   Thumb Code   120  dleqf.o(x$fpl$dleqf)
    __fpl_dcmple_InfNaN                      0x08005b0f   Thumb Code     0  dleqf.o(x$fpl$dleqf)
    __aeabi_dmul                             0x08005b25   Thumb Code     0  dmul.o(x$fpl$dmul)
    _dmul                                    0x08005b25   Thumb Code   332  dmul.o(x$fpl$dmul)
    __fpl_dnaninf                            0x08005c79   Thumb Code   156  dnaninf.o(x$fpl$dnaninf)
    __fpl_dretinf                            0x08005d15   Thumb Code    12  dretinf.o(x$fpl$dretinf)
    __aeabi_cdrcmple                         0x08005d21   Thumb Code     0  drleqf.o(x$fpl$drleqf)
    _drcmple                                 0x08005d21   Thumb Code   108  drleqf.o(x$fpl$drleqf)
    __aeabi_drsub                            0x08005d8d   Thumb Code     0  daddsub_clz.o(x$fpl$drsb)
    _drsb                                    0x08005d8d   Thumb Code    22  daddsub_clz.o(x$fpl$drsb)
    __aeabi_dsub                             0x08005da5   Thumb Code     0  daddsub_clz.o(x$fpl$dsub)
    _dsub                                    0x08005da5   Thumb Code   464  daddsub_clz.o(x$fpl$dsub)
    __aeabi_f2d                              0x08005f79   Thumb Code     0  f2d.o(x$fpl$f2d)
    _f2d                                     0x08005f79   Thumb Code    86  f2d.o(x$fpl$f2d)
    __aeabi_fadd                             0x08005fd1   Thumb Code     0  faddsub_clz.o(x$fpl$fadd)
    _fadd                                    0x08005fd1   Thumb Code   196  faddsub_clz.o(x$fpl$fadd)
    __fpl_fcmp_Inf                           0x08006095   Thumb Code    24  fcmpi.o(x$fpl$fcmpinf)
    __aeabi_fdiv                             0x080060ad   Thumb Code     0  fdiv.o(x$fpl$fdiv)
    _fdiv                                    0x080060ad   Thumb Code   384  fdiv.o(x$fpl$fdiv)
    __aeabi_cfcmpeq                          0x08006231   Thumb Code     0  feqf.o(x$fpl$feqf)
    _fcmpeq                                  0x08006231   Thumb Code   104  feqf.o(x$fpl$feqf)
    __aeabi_f2iz                             0x08006299   Thumb Code     0  ffix.o(x$fpl$ffix)
    _ffix                                    0x08006299   Thumb Code    54  ffix.o(x$fpl$ffix)
    __aeabi_cfcmple                          0x080062d1   Thumb Code     0  fleqf.o(x$fpl$fleqf)
    _fcmple                                  0x080062d1   Thumb Code   104  fleqf.o(x$fpl$fleqf)
    __fpl_fcmple_InfNaN                      0x08006323   Thumb Code     0  fleqf.o(x$fpl$fleqf)
    __aeabi_fmul                             0x08006339   Thumb Code     0  fmul.o(x$fpl$fmul)
    _fmul                                    0x08006339   Thumb Code   258  fmul.o(x$fpl$fmul)
    __fpl_fnaninf                            0x0800643b   Thumb Code   140  fnaninf.o(x$fpl$fnaninf)
    __fpl_fretinf                            0x080064c7   Thumb Code    10  fretinf.o(x$fpl$fretinf)
    __aeabi_cfrcmple                         0x080064d1   Thumb Code     0  frleqf.o(x$fpl$frleqf)
    _frcmple                                 0x080064d1   Thumb Code    98  frleqf.o(x$fpl$frleqf)
    __aeabi_fsub                             0x08006535   Thumb Code     0  faddsub_clz.o(x$fpl$fsub)
    _fsub                                    0x08006535   Thumb Code   234  faddsub_clz.o(x$fpl$fsub)
    __ieee_status                            0x0800661f   Thumb Code     6  istatus.o(x$fpl$ieeestatus)
    _printf_fp_dec                           0x08006625   Thumb Code     4  printf1.o(x$fpl$printf1)
    _printf_fp_hex                           0x08006629   Thumb Code     4  printf2.o(x$fpl$printf2)
    __fpl_return_NaN                         0x0800662d   Thumb Code   100  retnan.o(x$fpl$retnan)
    __ARM_scalbn                             0x08006691   Thumb Code    92  scalbn.o(x$fpl$scalbn)
    _scanf_real                              0x080066ed   Thumb Code     4  scanf1.o(x$fpl$scanf1)
    _scanf_hex_real                          0x080066f1   Thumb Code     4  scanf2.o(x$fpl$scanf2)
    _scanf_infnan                            0x080066f5   Thumb Code     4  scanf2.o(x$fpl$scanf2)
    __fpl_cmpreturn                          0x080066f9   Thumb Code    48  trapv.o(x$fpl$trapveneer)
    OLED_F8x16                               0x08006728   Data        1520  oled_data.o(.constdata)
    __I$use$fp                               0x08006728   Number         0  usenofp.o(x$fpl$usenofp)
    OLED_F6x8                                0x08006d18   Data         570  oled_data.o(.constdata)
    OLED_CF16x16                             0x08006f52   Data         259  oled_data.o(.constdata)
    Diode                                    0x08007055   Data          32  oled_data.o(.constdata)
    __mathlib_zero                           0x08007158   Data           8  qnan.o(.constdata)
    Region$$Table$$Base                      0x0800721c   Number         0  anon$$obj.o(Region$$Table)
    Region$$Table$$Limit                     0x0800723c   Number         0  anon$$obj.o(Region$$Table)
    __aeabi_HUGE_VAL                         0x0800723c   Data           0  fpconst.o(c$$dinf)
    __aeabi_HUGE_VALL                        0x0800723c   Data           0  fpconst.o(c$$dinf)
    __aeabi_INFINITY                         0x0800723c   Data           0  fpconst.o(c$$dinf)
    __dInf                                   0x0800723c   Data           0  fpconst.o(c$$dinf)
    __huge_val                               0x0800723c   Data           0  fpconst.o(c$$dinf)
    __dbl_max                                0x08007244   Data           0  fpconst.o(c$$dmax)
    __ctype                                  0x08007275   Data           0  lc_ctype_c.o(locale$$data)
    Key_Num                                  0x20000014   Data           1  key.o(.data)
    Serial_RxData                            0x20000018   Data           1  serial.o(.data)
    Serial_RxFlag                            0x20000019   Data           1  serial.o(.data)
    BlueSerial_RxFlag                        0x2000001a   Data           1  blueserial.o(.data)
    Ket_Status                               0x20000020   Data           1  main.o(.data)
    Runflag                                  0x20000021   Data           1  main.o(.data)
    TimeOutFlag                              0x20000022   Data           1  main.o(.data)
    TimerCount                               0x20000024   Data           2  main.o(.data)
    AX                                       0x20000026   Data           2  main.o(.data)
    AY                                       0x20000028   Data           2  main.o(.data)
    AZ                                       0x2000002a   Data           2  main.o(.data)
    GX                                       0x2000002c   Data           2  main.o(.data)
    GY                                       0x2000002e   Data           2  main.o(.data)
    GZ                                       0x20000030   Data           2  main.o(.data)
    AvePWM                                   0x20000032   Data           2  main.o(.data)
    DifPWM                                   0x20000034   Data           2  main.o(.data)
    LeftPWM                                  0x20000036   Data           2  main.o(.data)
    RightPWM                                 0x20000038   Data           2  main.o(.data)
    LeftSpeed                                0x2000003c   Data           4  main.o(.data)
    RightSpeed                               0x20000040   Data           4  main.o(.data)
    AveSpeed                                 0x20000044   Data           4  main.o(.data)
    DifSpeed                                 0x20000048   Data           4  main.o(.data)
    Angle_Acc                                0x2000004c   Data           4  main.o(.data)
    Angle_Gyro                               0x20000050   Data           4  main.o(.data)
    Angle                                    0x20000054   Data           4  main.o(.data)
    AnglePID                                 0x20000058   Data          68  main.o(.data)
    SpeedPID                                 0x2000009c   Data          68  main.o(.data)
    TurnPID                                  0x200000e0   Data          68  main.o(.data)
    OLED_DisplayBuf                          0x2000012c   Data        1024  oled.o(.bss)
    BlueSerial_RxPacket                      0x2000052c   Data         100  blueserial.o(.bss)
    __libspace_start                         0x20000590   Data          96  libspace.o(.bss)
    __temporary_stack_top$libspace           0x200005f0   Data           0  libspace.o(.bss)



==============================================================================

Memory Map of the image

  Image Entry point : 0x080000ed

  Load Region LR_IROM1 (Base: 0x08000000, Size: 0x000074a4, Max: 0x00010000, ABSOLUTE, COMPRESSED[0x000073c8])

    Execution Region ER_IROM1 (Exec base: 0x08000000, Load base: 0x08000000, Size: 0x00007378, Max: 0x00010000, ABSOLUTE)

    Exec Addr    Load Addr    Size         Type   Attr      Idx    E Section Name        Object

    0x08000000   0x08000000   0x000000ec   Data   RO            3    RESET               startup_stm32f10x_md.o
    0x080000ec   0x080000ec   0x00000008   Code   RO         4110  * !!!main             c_w.l(__main.o)
    0x080000f4   0x080000f4   0x00000034   Code   RO         4625    !!!scatter          c_w.l(__scatter.o)
    0x08000128   0x08000128   0x0000005a   Code   RO         4623    !!dczerorl2         c_w.l(__dczerorl2.o)
    0x08000182   0x08000182   0x00000002   PAD
    0x08000184   0x08000184   0x0000001c   Code   RO         4627    !!handler_zi        c_w.l(__scatter_zi.o)
    0x080001a0   0x080001a0   0x00000000   Code   RO         4277    .ARM.Collect$$_printf_percent$$00000000  c_w.l(_printf_percent.o)
    0x080001a0   0x080001a0   0x00000006   Code   RO         4266    .ARM.Collect$$_printf_percent$$00000001  c_w.l(_printf_n.o)
    0x080001a6   0x080001a6   0x00000006   Code   RO         4268    .ARM.Collect$$_printf_percent$$00000002  c_w.l(_printf_p.o)
    0x080001ac   0x080001ac   0x00000006   Code   RO         4273    .ARM.Collect$$_printf_percent$$00000003  c_w.l(_printf_f.o)
    0x080001b2   0x080001b2   0x00000006   Code   RO         4274    .ARM.Collect$$_printf_percent$$00000004  c_w.l(_printf_e.o)
    0x080001b8   0x080001b8   0x00000006   Code   RO         4275    .ARM.Collect$$_printf_percent$$00000005  c_w.l(_printf_g.o)
    0x080001be   0x080001be   0x00000006   Code   RO         4276    .ARM.Collect$$_printf_percent$$00000006  c_w.l(_printf_a.o)
    0x080001c4   0x080001c4   0x0000000a   Code   RO         4281    .ARM.Collect$$_printf_percent$$00000007  c_w.l(_printf_ll.o)
    0x080001ce   0x080001ce   0x00000006   Code   RO         4270    .ARM.Collect$$_printf_percent$$00000008  c_w.l(_printf_i.o)
    0x080001d4   0x080001d4   0x00000006   Code   RO         4271    .ARM.Collect$$_printf_percent$$00000009  c_w.l(_printf_d.o)
    0x080001da   0x080001da   0x00000006   Code   RO         4272    .ARM.Collect$$_printf_percent$$0000000A  c_w.l(_printf_u.o)
    0x080001e0   0x080001e0   0x00000006   Code   RO         4269    .ARM.Collect$$_printf_percent$$0000000B  c_w.l(_printf_o.o)
    0x080001e6   0x080001e6   0x00000006   Code   RO         4267    .ARM.Collect$$_printf_percent$$0000000C  c_w.l(_printf_x.o)
    0x080001ec   0x080001ec   0x00000006   Code   RO         4278    .ARM.Collect$$_printf_percent$$0000000D  c_w.l(_printf_lli.o)
    0x080001f2   0x080001f2   0x00000006   Code   RO         4279    .ARM.Collect$$_printf_percent$$0000000E  c_w.l(_printf_lld.o)
    0x080001f8   0x080001f8   0x00000006   Code   RO         4280    .ARM.Collect$$_printf_percent$$0000000F  c_w.l(_printf_llu.o)
    0x080001fe   0x080001fe   0x00000006   Code   RO         4285    .ARM.Collect$$_printf_percent$$00000010  c_w.l(_printf_llo.o)
    0x08000204   0x08000204   0x00000006   Code   RO         4286    .ARM.Collect$$_printf_percent$$00000011  c_w.l(_printf_llx.o)
    0x0800020a   0x0800020a   0x0000000a   Code   RO         4282    .ARM.Collect$$_printf_percent$$00000012  c_w.l(_printf_l.o)
    0x08000214   0x08000214   0x00000006   Code   RO         4264    .ARM.Collect$$_printf_percent$$00000013  c_w.l(_printf_c.o)
    0x0800021a   0x0800021a   0x00000006   Code   RO         4265    .ARM.Collect$$_printf_percent$$00000014  c_w.l(_printf_s.o)
    0x08000220   0x08000220   0x00000006   Code   RO         4283    .ARM.Collect$$_printf_percent$$00000015  c_w.l(_printf_lc.o)
    0x08000226   0x08000226   0x00000006   Code   RO         4284    .ARM.Collect$$_printf_percent$$00000016  c_w.l(_printf_ls.o)
    0x0800022c   0x0800022c   0x00000004   Code   RO         4378    .ARM.Collect$$_printf_percent$$00000017  c_w.l(_printf_percent_end.o)
    0x08000230   0x08000230   0x00000002   Code   RO         4448    .ARM.Collect$$libinit$$00000000  c_w.l(libinit.o)
    0x08000232   0x08000232   0x00000000   Code   RO         4450    .ARM.Collect$$libinit$$00000002  c_w.l(libinit2.o)
    0x08000232   0x08000232   0x00000000   Code   RO         4452    .ARM.Collect$$libinit$$00000004  c_w.l(libinit2.o)
    0x08000232   0x08000232   0x00000000   Code   RO         4455    .ARM.Collect$$libinit$$0000000A  c_w.l(libinit2.o)
    0x08000232   0x08000232   0x00000000   Code   RO         4457    .ARM.Collect$$libinit$$0000000C  c_w.l(libinit2.o)
    0x08000232   0x08000232   0x00000000   Code   RO         4459    .ARM.Collect$$libinit$$0000000E  c_w.l(libinit2.o)
    0x08000232   0x08000232   0x00000006   Code   RO         4460    .ARM.Collect$$libinit$$0000000F  c_w.l(libinit2.o)
    0x08000238   0x08000238   0x00000000   Code   RO         4462    .ARM.Collect$$libinit$$00000011  c_w.l(libinit2.o)
    0x08000238   0x08000238   0x0000000c   Code   RO         4463    .ARM.Collect$$libinit$$00000012  c_w.l(libinit2.o)
    0x08000244   0x08000244   0x00000000   Code   RO         4464    .ARM.Collect$$libinit$$00000013  c_w.l(libinit2.o)
    0x08000244   0x08000244   0x00000000   Code   RO         4466    .ARM.Collect$$libinit$$00000015  c_w.l(libinit2.o)
    0x08000244   0x08000244   0x0000000a   Code   RO         4467    .ARM.Collect$$libinit$$00000016  c_w.l(libinit2.o)
    0x0800024e   0x0800024e   0x00000000   Code   RO         4468    .ARM.Collect$$libinit$$00000017  c_w.l(libinit2.o)
    0x0800024e   0x0800024e   0x00000000   Code   RO         4470    .ARM.Collect$$libinit$$00000019  c_w.l(libinit2.o)
    0x0800024e   0x0800024e   0x00000000   Code   RO         4472    .ARM.Collect$$libinit$$0000001B  c_w.l(libinit2.o)
    0x0800024e   0x0800024e   0x00000000   Code   RO         4474    .ARM.Collect$$libinit$$0000001D  c_w.l(libinit2.o)
    0x0800024e   0x0800024e   0x00000000   Code   RO         4476    .ARM.Collect$$libinit$$0000001F  c_w.l(libinit2.o)
    0x0800024e   0x0800024e   0x00000000   Code   RO         4478    .ARM.Collect$$libinit$$00000021  c_w.l(libinit2.o)
    0x0800024e   0x0800024e   0x00000000   Code   RO         4480    .ARM.Collect$$libinit$$00000023  c_w.l(libinit2.o)
    0x0800024e   0x0800024e   0x00000000   Code   RO         4482    .ARM.Collect$$libinit$$00000025  c_w.l(libinit2.o)
    0x0800024e   0x0800024e   0x00000000   Code   RO         4486    .ARM.Collect$$libinit$$0000002C  c_w.l(libinit2.o)
    0x0800024e   0x0800024e   0x00000000   Code   RO         4488    .ARM.Collect$$libinit$$0000002E  c_w.l(libinit2.o)
    0x0800024e   0x0800024e   0x00000000   Code   RO         4490    .ARM.Collect$$libinit$$00000030  c_w.l(libinit2.o)
    0x0800024e   0x0800024e   0x00000000   Code   RO         4492    .ARM.Collect$$libinit$$00000032  c_w.l(libinit2.o)
    0x0800024e   0x0800024e   0x00000002   Code   RO         4493    .ARM.Collect$$libinit$$00000033  c_w.l(libinit2.o)
    0x08000250   0x08000250   0x00000002   Code   RO         4559    .ARM.Collect$$libshutdown$$00000000  c_w.l(libshutdown.o)
    0x08000252   0x08000252   0x00000000   Code   RO         4582    .ARM.Collect$$libshutdown$$00000002  c_w.l(libshutdown2.o)
    0x08000252   0x08000252   0x00000000   Code   RO         4584    .ARM.Collect$$libshutdown$$00000004  c_w.l(libshutdown2.o)
    0x08000252   0x08000252   0x00000000   Code   RO         4587    .ARM.Collect$$libshutdown$$00000007  c_w.l(libshutdown2.o)
    0x08000252   0x08000252   0x00000000   Code   RO         4590    .ARM.Collect$$libshutdown$$0000000A  c_w.l(libshutdown2.o)
    0x08000252   0x08000252   0x00000000   Code   RO         4592    .ARM.Collect$$libshutdown$$0000000C  c_w.l(libshutdown2.o)
    0x08000252   0x08000252   0x00000000   Code   RO         4595    .ARM.Collect$$libshutdown$$0000000F  c_w.l(libshutdown2.o)
    0x08000252   0x08000252   0x00000002   Code   RO         4596    .ARM.Collect$$libshutdown$$00000010  c_w.l(libshutdown2.o)
    0x08000254   0x08000254   0x00000000   Code   RO         4188    .ARM.Collect$$rtentry$$00000000  c_w.l(__rtentry.o)
    0x08000254   0x08000254   0x00000000   Code   RO         4345    .ARM.Collect$$rtentry$$00000002  c_w.l(__rtentry2.o)
    0x08000254   0x08000254   0x00000006   Code   RO         4357    .ARM.Collect$$rtentry$$00000004  c_w.l(__rtentry4.o)
    0x0800025a   0x0800025a   0x00000000   Code   RO         4347    .ARM.Collect$$rtentry$$00000009  c_w.l(__rtentry2.o)
    0x0800025a   0x0800025a   0x00000004   Code   RO         4348    .ARM.Collect$$rtentry$$0000000A  c_w.l(__rtentry2.o)
    0x0800025e   0x0800025e   0x00000000   Code   RO         4350    .ARM.Collect$$rtentry$$0000000C  c_w.l(__rtentry2.o)
    0x0800025e   0x0800025e   0x00000008   Code   RO         4351    .ARM.Collect$$rtentry$$0000000D  c_w.l(__rtentry2.o)
    0x08000266   0x08000266   0x00000002   Code   RO         4498    .ARM.Collect$$rtexit$$00000000  c_w.l(rtexit.o)
    0x08000268   0x08000268   0x00000000   Code   RO         4523    .ARM.Collect$$rtexit$$00000002  c_w.l(rtexit2.o)
    0x08000268   0x08000268   0x00000004   Code   RO         4524    .ARM.Collect$$rtexit$$00000003  c_w.l(rtexit2.o)
    0x0800026c   0x0800026c   0x00000006   Code   RO         4525    .ARM.Collect$$rtexit$$00000004  c_w.l(rtexit2.o)
    0x08000272   0x08000272   0x00000002   PAD
    0x08000274   0x08000274   0x00000040   Code   RO            4    .text               startup_stm32f10x_md.o
    0x080002b4   0x080002b4   0x00000024   Code   RO         4099    .text               c_w.l(vsprintf.o)
    0x080002d8   0x080002d8   0x0000001a   Code   RO         4101    .text               c_w.l(atoi.o)
    0x080002f2   0x080002f2   0x00000002   PAD
    0x080002f4   0x080002f4   0x0000000c   Code   RO         4103    .text               c_w.l(strtok.o)
    0x08000300   0x08000300   0x00000080   Code   RO         4106    .text               c_w.l(strcmpv7m.o)
    0x08000380   0x08000380   0x00000006   Code   RO         4108    .text               c_w.l(heapauxi.o)
    0x08000386   0x08000386   0x00000002   PAD
    0x08000388   0x08000388   0x00000008   Code   RO         4192    .text               c_w.l(rt_errno_addr_intlibspace.o)
    0x08000390   0x08000390   0x00000016   Code   RO         4194    .text               c_w.l(_rserrno.o)
    0x080003a6   0x080003a6   0x0000004e   Code   RO         4198    .text               c_w.l(_printf_pad.o)
    0x080003f4   0x080003f4   0x00000024   Code   RO         4200    .text               c_w.l(_printf_truncate.o)
    0x08000418   0x08000418   0x00000052   Code   RO         4202    .text               c_w.l(_printf_str.o)
    0x0800046a   0x0800046a   0x00000002   PAD
    0x0800046c   0x0800046c   0x00000078   Code   RO         4204    .text               c_w.l(_printf_dec.o)
    0x080004e4   0x080004e4   0x00000028   Code   RO         4206    .text               c_w.l(_printf_charcount.o)
    0x0800050c   0x0800050c   0x00000030   Code   RO         4208    .text               c_w.l(_printf_char_common.o)
    0x0800053c   0x0800053c   0x0000000a   Code   RO         4210    .text               c_w.l(_sputc.o)
    0x08000546   0x08000546   0x00000002   PAD
    0x08000548   0x08000548   0x000000bc   Code   RO         4212    .text               c_w.l(_printf_wctomb.o)
    0x08000604   0x08000604   0x0000007c   Code   RO         4215    .text               c_w.l(_printf_longlong_dec.o)
    0x08000680   0x08000680   0x00000070   Code   RO         4221    .text               c_w.l(_printf_oct_int_ll.o)
    0x080006f0   0x080006f0   0x00000094   Code   RO         4241    .text               c_w.l(_printf_hex_int_ll_ptr.o)
    0x08000784   0x08000784   0x00000188   Code   RO         4261    .text               c_w.l(__printf_flags_ss_wp.o)
    0x0800090c   0x0800090c   0x000000a4   Code   RO         4287    .text               c_w.l(strtod.o)
    0x080009b0   0x080009b0   0x00000070   Code   RO         4289    .text               c_w.l(strtol.o)
    0x08000a20   0x08000a20   0x00000044   Code   RO         4291    .text               c_w.l(strtok_int.o)
    0x08000a64   0x08000a64   0x00000008   Code   RO         4341    .text               c_w.l(libspace.o)
    0x08000a6c   0x08000a6c   0x00000010   Code   RO         4359    .text               c_w.l(rt_ctype_table.o)
    0x08000a7c   0x08000a7c   0x0000008a   Code   RO         4361    .text               c_w.l(lludiv10.o)
    0x08000b06   0x08000b06   0x00000012   Code   RO         4363    .text               c_w.l(isspace.o)
    0x08000b18   0x08000b18   0x000000b2   Code   RO         4365    .text               c_w.l(_printf_intcommon.o)
    0x08000bca   0x08000bca   0x0000041e   Code   RO         4367    .text               c_w.l(_printf_fp_dec.o)
    0x08000fe8   0x08000fe8   0x000002fc   Code   RO         4369    .text               c_w.l(_printf_fp_hex.o)
    0x080012e4   0x080012e4   0x0000002c   Code   RO         4374    .text               c_w.l(_printf_char.o)
    0x08001310   0x08001310   0x0000002c   Code   RO         4376    .text               c_w.l(_printf_wchar.o)
    0x0800133c   0x0800133c   0x00000040   Code   RO         4379    .text               c_w.l(_sgetc.o)
    0x0800137c   0x0800137c   0x0000009e   Code   RO         4381    .text               c_w.l(_strtoul.o)
    0x0800141a   0x0800141a   0x00000040   Code   RO         4383    .text               c_w.l(_wcrtomb.o)
    0x0800145a   0x0800145a   0x00000020   Code   RO         4388    .text               c_w.l(strcspn.o)
    0x0800147a   0x0800147a   0x0000001c   Code   RO         4390    .text               c_w.l(strspn.o)
    0x08001496   0x08001496   0x0000004a   Code   RO         4400    .text               c_w.l(sys_stackheap_outer.o)
    0x080014e0   0x080014e0   0x00000008   Code   RO         4405    .text               c_w.l(rt_locale_intlibspace.o)
    0x080014e8   0x080014e8   0x00000080   Code   RO         4407    .text               c_w.l(_printf_fp_infnan.o)
    0x08001568   0x08001568   0x0000001c   Code   RO         4409    .text               c_w.l(_chval.o)
    0x08001584   0x08001584   0x000004f8   Code   RO         4411    .text               c_w.l(scanf_fp.o)
    0x08001a7c   0x08001a7c   0x000000e4   Code   RO         4413    .text               c_w.l(bigflt0.o)
    0x08001b60   0x08001b60   0x00000012   Code   RO         4441    .text               c_w.l(exit.o)
    0x08001b72   0x08001b72   0x00000002   PAD
    0x08001b74   0x08001b74   0x00000320   Code   RO         4529    .text               c_w.l(scanf_hexfp.o)
    0x08001e94   0x08001e94   0x00000134   Code   RO         4531    .text               c_w.l(scanf_infnan.o)
    0x08001fc8   0x08001fc8   0x0000000c   Code   RO         4547    .text               c_w.l(sys_exit.o)
    0x08001fd4   0x08001fd4   0x00000026   Code   RO         4551    .text               c_w.l(llshl.o)
    0x08001ffa   0x08001ffa   0x00000002   Code   RO         4572    .text               c_w.l(use_no_semi.o)
    0x08001ffc   0x08001ffc   0x00000000   Code   RO         4574    .text               c_w.l(indicate_semi.o)
    0x08001ffc   0x08001ffc   0x0000003e   Code   RO         4416    CL$$btod_d2e        c_w.l(btod.o)
    0x0800203a   0x0800203a   0x00000046   Code   RO         4418    CL$$btod_d2e_denorm_low  c_w.l(btod.o)
    0x08002080   0x08002080   0x00000060   Code   RO         4417    CL$$btod_d2e_norm_op1  c_w.l(btod.o)
    0x080020e0   0x080020e0   0x00000338   Code   RO         4426    CL$$btod_div_common  c_w.l(btod.o)
    0x08002418   0x08002418   0x00000084   Code   RO         4424    CL$$btod_e2d        c_w.l(btod.o)
    0x0800249c   0x0800249c   0x000000dc   Code   RO         4423    CL$$btod_e2e        c_w.l(btod.o)
    0x08002578   0x08002578   0x0000002a   Code   RO         4420    CL$$btod_ediv       c_w.l(btod.o)
    0x080025a2   0x080025a2   0x0000002a   Code   RO         4422    CL$$btod_edivd      c_w.l(btod.o)
    0x080025cc   0x080025cc   0x0000002a   Code   RO         4419    CL$$btod_emul       c_w.l(btod.o)
    0x080025f6   0x080025f6   0x0000002a   Code   RO         4421    CL$$btod_emuld      c_w.l(btod.o)
    0x08002620   0x08002620   0x00000244   Code   RO         4425    CL$$btod_mult_common  c_w.l(btod.o)
    0x08002864   0x08002864   0x000000b4   Code   RO         3895    i.BlueSerial_Init   blueserial.o
    0x08002918   0x08002918   0x00000024   Code   RO         3897    i.BlueSerial_Printf  blueserial.o
    0x0800293c   0x0800293c   0x00000020   Code   RO         3899    i.BlueSerial_SendByte  blueserial.o
    0x0800295c   0x0800295c   0x0000001a   Code   RO         3901    i.BlueSerial_SendString  blueserial.o
    0x08002976   0x08002976   0x00000004   Code   RO         4016    i.BusFault_Handler  stm32f10x_it.o
    0x0800297a   0x0800297a   0x00000002   Code   RO         4017    i.DebugMon_Handler  stm32f10x_it.o
    0x0800297c   0x0800297c   0x00000040   Code   RO         3798    i.Encoder_Get       encoder.o
    0x080029bc   0x080029bc   0x00000138   Code   RO         3799    i.Encoder_Init      encoder.o
    0x08002af4   0x08002af4   0x00000116   Code   RO         1347    i.GPIO_Init         stm32f10x_gpio.o
    0x08002c0a   0x08002c0a   0x00000012   Code   RO         1351    i.GPIO_ReadInputDataBit  stm32f10x_gpio.o
    0x08002c1c   0x08002c1c   0x00000004   Code   RO         1354    i.GPIO_ResetBits    stm32f10x_gpio.o
    0x08002c20   0x08002c20   0x00000004   Code   RO         1355    i.GPIO_SetBits      stm32f10x_gpio.o
    0x08002c24   0x08002c24   0x0000000a   Code   RO         1358    i.GPIO_WriteBit     stm32f10x_gpio.o
    0x08002c2e   0x08002c2e   0x00000004   Code   RO         4018    i.HardFault_Handler  stm32f10x_it.o
    0x08002c32   0x08002c32   0x00000002   PAD
    0x08002c34   0x08002c34   0x0000001c   Code   RO         3603    i.Key_GetNum        key.o
    0x08002c50   0x08002c50   0x00000048   Code   RO         3604    i.Key_GetState      key.o
    0x08002c98   0x08002c98   0x00000044   Code   RO         3605    i.Key_Init          key.o
    0x08002cdc   0x08002cdc   0x00000050   Code   RO         3606    i.Key_Tick          key.o
    0x08002d2c   0x08002d2c   0x00000034   Code   RO         3315    i.LED_Init          led.o
    0x08002d60   0x08002d60   0x00000014   Code   RO         3316    i.LED_OFF           led.o
    0x08002d74   0x08002d74   0x00000014   Code   RO         3317    i.LED_ON            led.o
    0x08002d88   0x08002d88   0x00000082   Code   RO         3639    i.MPU6050_GetData   mpu6050.o
    0x08002e0a   0x08002e0a   0x00000038   Code   RO         3641    i.MPU6050_Init      mpu6050.o
    0x08002e42   0x08002e42   0x0000005e   Code   RO         3643    i.MPU6050_ReadRegs  mpu6050.o
    0x08002ea0   0x08002ea0   0x0000002e   Code   RO         3644    i.MPU6050_WriteReg  mpu6050.o
    0x08002ece   0x08002ece   0x00000004   Code   RO         4019    i.MemManage_Handler  stm32f10x_it.o
    0x08002ed2   0x08002ed2   0x00000002   PAD
    0x08002ed4   0x08002ed4   0x00000030   Code   RO         3753    i.Motor_Init        motor.o
    0x08002f04   0x08002f04   0x00000088   Code   RO         3754    i.Motor_SetPWM      motor.o
    0x08002f8c   0x08002f8c   0x00000038   Code   RO         3687    i.MyI2C_Init        myi2c.o
    0x08002fc4   0x08002fc4   0x00000018   Code   RO         3688    i.MyI2C_R_SDA       myi2c.o
    0x08002fdc   0x08002fdc   0x0000001e   Code   RO         3689    i.MyI2C_ReceiveAck  myi2c.o
    0x08002ffa   0x08002ffa   0x00000032   Code   RO         3690    i.MyI2C_ReceiveByte  myi2c.o
    0x0800302c   0x0800302c   0x00000018   Code   RO         3691    i.MyI2C_SendAck     myi2c.o
    0x08003044   0x08003044   0x00000032   Code   RO         3692    i.MyI2C_SendByte    myi2c.o
    0x08003076   0x08003076   0x0000001c   Code   RO         3693    i.MyI2C_Start       myi2c.o
    0x08003092   0x08003092   0x00000016   Code   RO         3694    i.MyI2C_Stop        myi2c.o
    0x080030a8   0x080030a8   0x00000018   Code   RO         3695    i.MyI2C_W_SCL       myi2c.o
    0x080030c0   0x080030c0   0x00000018   Code   RO         3696    i.MyI2C_W_SDA       myi2c.o
    0x080030d8   0x080030d8   0x00000002   Code   RO         4020    i.NMI_Handler       stm32f10x_it.o
    0x080030da   0x080030da   0x00000002   PAD
    0x080030dc   0x080030dc   0x00000070   Code   RO          137    i.NVIC_Init         misc.o
    0x0800314c   0x0800314c   0x00000014   Code   RO          138    i.NVIC_PriorityGroupConfig  misc.o
    0x08003160   0x08003160   0x00000028   Code   RO         3345    i.OLED_Clear        oled.o
    0x08003188   0x08003188   0x00000090   Code   RO         3346    i.OLED_ClearArea    oled.o
    0x08003218   0x08003218   0x00000060   Code   RO         3354    i.OLED_GPIO_Init    oled.o
    0x08003278   0x08003278   0x0000003e   Code   RO         3356    i.OLED_I2C_SendByte  oled.o
    0x080032b6   0x080032b6   0x0000001c   Code   RO         3357    i.OLED_I2C_Start    oled.o
    0x080032d2   0x080032d2   0x00000016   Code   RO         3358    i.OLED_I2C_Stop     oled.o
    0x080032e8   0x080032e8   0x0000009a   Code   RO         3359    i.OLED_Init         oled.o
    0x08003382   0x08003382   0x00000032   Code   RO         3362    i.OLED_Printf       oled.o
    0x080033b4   0x080033b4   0x00000022   Code   RO         3365    i.OLED_SetCursor    oled.o
    0x080033d6   0x080033d6   0x00000002   PAD
    0x080033d8   0x080033d8   0x00000054   Code   RO         3367    i.OLED_ShowChar     oled.o
    0x0800342c   0x0800342c   0x000000fc   Code   RO         3370    i.OLED_ShowImage    oled.o
    0x08003528   0x08003528   0x000001c4   Code   RO         3373    i.OLED_ShowString   oled.o
    0x080036ec   0x080036ec   0x00000028   Code   RO         3374    i.OLED_Update       oled.o
    0x08003714   0x08003714   0x00000018   Code   RO         3376    i.OLED_W_SCL        oled.o
    0x0800372c   0x0800372c   0x00000018   Code   RO         3377    i.OLED_W_SDA        oled.o
    0x08003744   0x08003744   0x00000020   Code   RO         3378    i.OLED_WriteCommand  oled.o
    0x08003764   0x08003764   0x0000002e   Code   RO         3379    i.OLED_WriteData    oled.o
    0x08003792   0x08003792   0x00000012   Code   RO         4079    i.PID_Init          pid.o
    0x080037a4   0x080037a4   0x000000cc   Code   RO         4080    i.PID_Update        pid.o
    0x08003870   0x08003870   0x0000009c   Code   RO         3774    i.PWM_Init          pwm.o
    0x0800390c   0x0800390c   0x00000010   Code   RO         3775    i.PWM_SetCompare1   pwm.o
    0x0800391c   0x0800391c   0x00000010   Code   RO         3776    i.PWM_SetCompare2   pwm.o
    0x0800392c   0x0800392c   0x00000002   Code   RO         4021    i.PendSV_Handler    stm32f10x_it.o
    0x0800392e   0x0800392e   0x00000002   PAD
    0x08003930   0x08003930   0x00000020   Code   RO         1775    i.RCC_APB1PeriphClockCmd  stm32f10x_rcc.o
    0x08003950   0x08003950   0x00000020   Code   RO         1777    i.RCC_APB2PeriphClockCmd  stm32f10x_rcc.o
    0x08003970   0x08003970   0x000000d4   Code   RO         1785    i.RCC_GetClocksFreq  stm32f10x_rcc.o
    0x08003a44   0x08003a44   0x00000002   Code   RO         4022    i.SVC_Handler       stm32f10x_it.o
    0x08003a46   0x08003a46   0x00000002   PAD
    0x08003a48   0x08003a48   0x000000b8   Code   RO         3818    i.Serial_Init       serial.o
    0x08003b00   0x08003b00   0x00000008   Code   RO           24    i.SetSysClock       system_stm32f10x.o
    0x08003b08   0x08003b08   0x000000e0   Code   RO           25    i.SetSysClockTo72   system_stm32f10x.o
    0x08003be8   0x08003be8   0x00000002   Code   RO         4023    i.SysTick_Handler   stm32f10x_it.o
    0x08003bea   0x08003bea   0x00000002   PAD
    0x08003bec   0x08003bec   0x00000060   Code   RO           27    i.SystemInit        system_stm32f10x.o
    0x08003c4c   0x08003c4c   0x00000080   Code   RO         2405    i.TI1_Config        stm32f10x_tim.o
    0x08003ccc   0x08003ccc   0x00000098   Code   RO         2406    i.TI2_Config        stm32f10x_tim.o
    0x08003d64   0x08003d64   0x00000090   Code   RO         2407    i.TI3_Config        stm32f10x_tim.o
    0x08003df4   0x08003df4   0x00000098   Code   RO         2408    i.TI4_Config        stm32f10x_tim.o
    0x08003e8c   0x08003e8c   0x000003f4   Code   RO         3953    i.TIM1_UP_IRQHandler  main.o
    0x08004280   0x08004280   0x00000006   Code   RO         2415    i.TIM_ClearFlag     stm32f10x_tim.o
    0x08004286   0x08004286   0x00000006   Code   RO         2416    i.TIM_ClearITPendingBit  stm32f10x_tim.o
    0x0800428c   0x0800428c   0x00000018   Code   RO         2421    i.TIM_Cmd           stm32f10x_tim.o
    0x080042a4   0x080042a4   0x00000042   Code   RO         2430    i.TIM_EncoderInterfaceConfig  stm32f10x_tim.o
    0x080042e6   0x080042e6   0x00000006   Code   RO         2440    i.TIM_GetCounter    stm32f10x_tim.o
    0x080042ec   0x080042ec   0x00000022   Code   RO         2442    i.TIM_GetITStatus   stm32f10x_tim.o
    0x0800430e   0x0800430e   0x00000002   PAD
    0x08004310   0x08004310   0x000000ac   Code   RO         2444    i.TIM_ICInit        stm32f10x_tim.o
    0x080043bc   0x080043bc   0x00000012   Code   RO         2445    i.TIM_ICStructInit  stm32f10x_tim.o
    0x080043ce   0x080043ce   0x00000012   Code   RO         2446    i.TIM_ITConfig      stm32f10x_tim.o
    0x080043e0   0x080043e0   0x0000000c   Code   RO         2448    i.TIM_InternalClockConfig  stm32f10x_tim.o
    0x080043ec   0x080043ec   0x00000098   Code   RO         2450    i.TIM_OC1Init       stm32f10x_tim.o
    0x08004484   0x08004484   0x000000a4   Code   RO         2455    i.TIM_OC2Init       stm32f10x_tim.o
    0x08004528   0x08004528   0x00000014   Code   RO         2468    i.TIM_OCStructInit  stm32f10x_tim.o
    0x0800453c   0x0800453c   0x00000004   Code   RO         2482    i.TIM_SetCompare1   stm32f10x_tim.o
    0x08004540   0x08004540   0x00000004   Code   RO         2483    i.TIM_SetCompare2   stm32f10x_tim.o
    0x08004544   0x08004544   0x00000004   Code   RO         2486    i.TIM_SetCounter    stm32f10x_tim.o
    0x08004548   0x08004548   0x00000012   Code   RO         2487    i.TIM_SetIC1Prescaler  stm32f10x_tim.o
    0x0800455a   0x0800455a   0x0000001a   Code   RO         2488    i.TIM_SetIC2Prescaler  stm32f10x_tim.o
    0x08004574   0x08004574   0x00000012   Code   RO         2489    i.TIM_SetIC3Prescaler  stm32f10x_tim.o
    0x08004586   0x08004586   0x0000001a   Code   RO         2490    i.TIM_SetIC4Prescaler  stm32f10x_tim.o
    0x080045a0   0x080045a0   0x000000a4   Code   RO         2492    i.TIM_TimeBaseInit  stm32f10x_tim.o
    0x08004644   0x08004644   0x0000007c   Code   RO         3220    i.Timer_Init        timer.o
    0x080046c0   0x080046c0   0x00000038   Code   RO         3825    i.USART1_IRQHandler  serial.o
    0x080046f8   0x080046f8   0x0000008c   Code   RO         3902    i.USART2_IRQHandler  blueserial.o
    0x08004784   0x08004784   0x0000001e   Code   RO         2957    i.USART_ClearITPendingBit  stm32f10x_usart.o
    0x080047a2   0x080047a2   0x00000018   Code   RO         2960    i.USART_Cmd         stm32f10x_usart.o
    0x080047ba   0x080047ba   0x0000001a   Code   RO         2963    i.USART_GetFlagStatus  stm32f10x_usart.o
    0x080047d4   0x080047d4   0x00000054   Code   RO         2964    i.USART_GetITStatus  stm32f10x_usart.o
    0x08004828   0x08004828   0x0000004a   Code   RO         2966    i.USART_ITConfig    stm32f10x_usart.o
    0x08004872   0x08004872   0x00000002   PAD
    0x08004874   0x08004874   0x000000d8   Code   RO         2967    i.USART_Init        stm32f10x_usart.o
    0x0800494c   0x0800494c   0x0000000a   Code   RO         2974    i.USART_ReceiveData  stm32f10x_usart.o
    0x08004956   0x08004956   0x00000008   Code   RO         2977    i.USART_SendData    stm32f10x_usart.o
    0x0800495e   0x0800495e   0x00000004   Code   RO         4024    i.UsageFault_Handler  stm32f10x_it.o
    0x08004962   0x08004962   0x00000028   Code   RO         4396    i.__ARM_fpclassify  m_ws.l(fpclassify.o)
    0x0800498a   0x0800498a   0x000000aa   Code   RO         4398    i.__kernel_poly     m_ws.l(poly.o)
    0x08004a34   0x08004a34   0x00000006   Code   RO         4327    i.__mathlib_dbl_infnan  m_ws.l(dunder.o)
    0x08004a3a   0x08004a3a   0x00000004   Code   RO         4328    i.__mathlib_dbl_infnan2  m_ws.l(dunder.o)
    0x08004a3e   0x08004a3e   0x0000000e   Code   RO         4330    i.__mathlib_dbl_overflow  m_ws.l(dunder.o)
    0x08004a4c   0x08004a4c   0x00000010   Code   RO         4332    i.__mathlib_dbl_underflow  m_ws.l(dunder.o)
    0x08004a5c   0x08004a5c   0x00000010   Code   RO         4516    i.__mathlib_narrow  m_ws.l(narrow.o)
    0x08004a6c   0x08004a6c   0x000000bc   Code   RO         4517    i.__mathlib_tofloat  m_ws.l(narrow.o)
    0x08004b28   0x08004b28   0x00000016   Code   RO         4561    i.__support_ldexp   m_ws.l(ldexp.o)
    0x08004b3e   0x08004b3e   0x0000000e   Code   RO         4254    i._is_digit         c_w.l(__printf_wp.o)
    0x08004b4c   0x08004b4c   0x00000220   Code   RO         4317    i.atan              m_ws.l(atan.o)
    0x08004d6c   0x08004d6c   0x00000180   Code   RO         4175    i.atan2             m_ws.l(atan2.o)
    0x08004eec   0x08004eec   0x0000002a   Code   RO         4183    i.atof              m_ws.l(atof.o)
    0x08004f16   0x08004f16   0x00000002   PAD
    0x08004f18   0x08004f18   0x00000058   Code   RO         4542    i.frexp             m_ws.l(frexp.o)
    0x08004f70   0x08004f70   0x00000074   Code   RO         4562    i.ldexp             m_ws.l(ldexp.o)
    0x08004fe4   0x08004fe4   0x0000053c   Code   RO         3954    i.main              main.o
    0x08005520   0x08005520   0x0000002c   Code   RO         4386    locale$$code        c_w.l(lc_numeric_c.o)
    0x0800554c   0x0800554c   0x0000002c   Code   RO         4439    locale$$code        c_w.l(lc_ctype_c.o)
    0x08005578   0x08005578   0x00000062   Code   RO         4112    x$fpl$d2f           fz_ws.l(d2f.o)
    0x080055da   0x080055da   0x00000002   PAD
    0x080055dc   0x080055dc   0x00000150   Code   RO         4114    x$fpl$dadd          fz_ws.l(daddsub_clz.o)
    0x0800572c   0x0800572c   0x00000010   Code   RO         4494    x$fpl$dcheck1       fz_ws.l(dcheck1.o)
    0x0800573c   0x0800573c   0x00000018   Code   RO         4293    x$fpl$dcmpinf       fz_ws.l(dcmpi.o)
    0x08005754   0x08005754   0x000002b0   Code   RO         4121    x$fpl$ddiv          fz_ws.l(ddiv.o)
    0x08005a04   0x08005a04   0x00000078   Code   RO         4537    x$fpl$deqf          fz_ws.l(deqf.o)
    0x08005a7c   0x08005a7c   0x0000002e   Code   RO         4133    x$fpl$dflt          fz_ws.l(dflt_clz.o)
    0x08005aaa   0x08005aaa   0x00000002   PAD
    0x08005aac   0x08005aac   0x00000078   Code   RO         4138    x$fpl$dleqf         fz_ws.l(dleqf.o)
    0x08005b24   0x08005b24   0x00000154   Code   RO         4140    x$fpl$dmul          fz_ws.l(dmul.o)
    0x08005c78   0x08005c78   0x0000009c   Code   RO         4295    x$fpl$dnaninf       fz_ws.l(dnaninf.o)
    0x08005d14   0x08005d14   0x0000000c   Code   RO         4297    x$fpl$dretinf       fz_ws.l(dretinf.o)
    0x08005d20   0x08005d20   0x0000006c   Code   RO         4142    x$fpl$drleqf        fz_ws.l(drleqf.o)
    0x08005d8c   0x08005d8c   0x00000016   Code   RO         4115    x$fpl$drsb          fz_ws.l(daddsub_clz.o)
    0x08005da2   0x08005da2   0x00000002   PAD
    0x08005da4   0x08005da4   0x000001d4   Code   RO         4116    x$fpl$dsub          fz_ws.l(daddsub_clz.o)
    0x08005f78   0x08005f78   0x00000056   Code   RO         4144    x$fpl$f2d           fz_ws.l(f2d.o)
    0x08005fce   0x08005fce   0x00000002   PAD
    0x08005fd0   0x08005fd0   0x000000c4   Code   RO         4146    x$fpl$fadd          fz_ws.l(faddsub_clz.o)
    0x08006094   0x08006094   0x00000018   Code   RO         4301    x$fpl$fcmpinf       fz_ws.l(fcmpi.o)
    0x080060ac   0x080060ac   0x00000184   Code   RO         4153    x$fpl$fdiv          fz_ws.l(fdiv.o)
    0x08006230   0x08006230   0x00000068   Code   RO         4156    x$fpl$feqf          fz_ws.l(feqf.o)
    0x08006298   0x08006298   0x00000036   Code   RO         4158    x$fpl$ffix          fz_ws.l(ffix.o)
    0x080062ce   0x080062ce   0x00000002   PAD
    0x080062d0   0x080062d0   0x00000068   Code   RO         4168    x$fpl$fleqf         fz_ws.l(fleqf.o)
    0x08006338   0x08006338   0x00000102   Code   RO         4170    x$fpl$fmul          fz_ws.l(fmul.o)
    0x0800643a   0x0800643a   0x0000008c   Code   RO         4303    x$fpl$fnaninf       fz_ws.l(fnaninf.o)
    0x080064c6   0x080064c6   0x0000000a   Code   RO         4305    x$fpl$fretinf       fz_ws.l(fretinf.o)
    0x080064d0   0x080064d0   0x00000062   Code   RO         4172    x$fpl$frleqf        fz_ws.l(frleqf.o)
    0x08006532   0x08006532   0x00000002   PAD
    0x08006534   0x08006534   0x000000ea   Code   RO         4148    x$fpl$fsub          fz_ws.l(faddsub_clz.o)
    0x0800661e   0x0800661e   0x00000006   Code   RO         4496    x$fpl$ieeestatus    fz_ws.l(istatus.o)
    0x08006624   0x08006624   0x00000004   Code   RO         4307    x$fpl$printf1       fz_ws.l(printf1.o)
    0x08006628   0x08006628   0x00000004   Code   RO         4309    x$fpl$printf2       fz_ws.l(printf2.o)
    0x0800662c   0x0800662c   0x00000064   Code   RO         4508    x$fpl$retnan        fz_ws.l(retnan.o)
    0x08006690   0x08006690   0x0000005c   Code   RO         4392    x$fpl$scalbn        fz_ws.l(scalbn.o)
    0x080066ec   0x080066ec   0x00000004   Code   RO         4394    x$fpl$scanf1        fz_ws.l(scanf1.o)
    0x080066f0   0x080066f0   0x00000008   Code   RO         4510    x$fpl$scanf2        fz_ws.l(scanf2.o)
    0x080066f8   0x080066f8   0x00000030   Code   RO         4539    x$fpl$trapveneer    fz_ws.l(trapv.o)
    0x08006728   0x08006728   0x00000000   Code   RO         4315    x$fpl$usenofp       fz_ws.l(usenofp.o)
    0x08006728   0x08006728   0x0000094d   Data   RO         3591    .constdata          oled_data.o
    0x08007075   0x08007075   0x00000003   PAD
    0x08007078   0x08007078   0x00000008   Data   RO         4213    .constdata          c_w.l(_printf_wctomb.o)
    0x08007080   0x08007080   0x00000028   Data   RO         4242    .constdata          c_w.l(_printf_hex_int_ll_ptr.o)
    0x080070a8   0x080070a8   0x00000011   Data   RO         4262    .constdata          c_w.l(__printf_flags_ss_wp.o)
    0x080070b9   0x080070b9   0x00000007   PAD
    0x080070c0   0x080070c0   0x00000098   Data   RO         4318    .constdata          m_ws.l(atan.o)
    0x08007158   0x08007158   0x00000008   Data   RO         4340    .constdata          m_ws.l(qnan.o)
    0x08007160   0x08007160   0x00000026   Data   RO         4370    .constdata          c_w.l(_printf_fp_hex.o)
    0x08007186   0x08007186   0x00000002   PAD
    0x08007188   0x08007188   0x00000094   Data   RO         4414    .constdata          c_w.l(bigflt0.o)
    0x0800721c   0x0800721c   0x00000020   Data   RO         4621    Region$$Table       anon$$obj.o
    0x0800723c   0x0800723c   0x00000008   Data   RO         4502    c$$dinf             fz_ws.l(fpconst.o)
    0x08007244   0x08007244   0x00000008   Data   RO         4505    c$$dmax             fz_ws.l(fpconst.o)
    0x0800724c   0x0800724c   0x0000001c   Data   RO         4385    locale$$data        c_w.l(lc_numeric_c.o)
    0x08007268   0x08007268   0x00000110   Data   RO         4438    locale$$data        c_w.l(lc_ctype_c.o)


    Execution Region RW_IRAM1 (Exec base: 0x20000000, Load base: 0x08007378, Size: 0x00000bf0, Max: 0x00005000, ABSOLUTE, COMPRESSED[0x00000050])

    Exec Addr    Load Addr    Size         Type   Attr      Idx    E Section Name        Object

    0x20000000   COMPRESSED   0x00000014   Data   RW         1805    .data               stm32f10x_rcc.o
    0x20000014   COMPRESSED   0x00000004   Data   RW         3607    .data               key.o
    0x20000018   COMPRESSED   0x00000002   Data   RW         3827    .data               serial.o
    0x2000001a   COMPRESSED   0x00000003   Data   RW         3904    .data               blueserial.o
    0x2000001d   COMPRESSED   0x00000003   PAD
    0x20000020   COMPRESSED   0x00000108   Data   RW         3955    .data               main.o
    0x20000128   COMPRESSED   0x00000004   Data   RW         4104    .data               c_w.l(strtok.o)
    0x2000012c        -       0x00000400   Zero   RW         3381    .bss                oled.o
    0x2000052c        -       0x00000064   Zero   RW         3903    .bss                blueserial.o
    0x20000590        -       0x00000060   Zero   RW         4342    .bss                c_w.l(libspace.o)
    0x200005f0        -       0x00000200   Zero   RW            2    HEAP                startup_stm32f10x_md.o
    0x200007f0        -       0x00000400   Zero   RW            1    STACK               startup_stm32f10x_md.o


==============================================================================

Image component sizes


      Code (inc. data)   RO Data    RW Data    ZI Data      Debug   Object Name

       414         34          0          3        100       3464   blueserial.o
         0          0          0          0          0       4500   core_cm3.o
       376         24          0          0          0       1289   encoder.o
       248         42          0          4          0       2100   key.o
        92         16          0          0          0       1226   led.o
      2352        450          0        264          0       3325   main.o
       132         22          0          0          0     204659   misc.o
       184         10          0          0          0       1032   motor.o
       326          0          0          0          0       2727   mpu6050.o
       332         24          0          0          0       4598   myi2c.o
      1584         52          0          0       1024      10877   oled.o
         0          0       2381          0          0       1026   oled_data.o
       222          0          0          0          0       1196   pid.o
       188          4          0          0          0       1523   pwm.o
       240         22          0          2          0       1316   serial.o
        64         26        236          0       1536        796   startup_stm32f10x_md.o
         0          0          0          0          0       1640   stm32f10x_adc.o
       314          0          0          0          0      12208   stm32f10x_gpio.o
        26          0          0          0          0       3578   stm32f10x_it.o
       276         32          0         20          0      12854   stm32f10x_rcc.o
      1538        180          0          0          0      34910   stm32f10x_tim.o
       472          6          0          0          0      12299   stm32f10x_usart.o
       328         28          0          0          0      24769   system_stm32f10x.o
       124          4          0          0          0     232425   timer.o

    ----------------------------------------------------------------------
      9850        976       2652        296       2660     580337   Object Totals
         0          0         32          0          0          0   (incl. Generated)
        18          0          3          3          0          0   (incl. Padding)

    ----------------------------------------------------------------------

      Code (inc. data)   RO Data    RW Data    ZI Data      Debug   Library Member Name

        90          0          0          0          0          0   __dczerorl2.o
         8          0          0          0          0         68   __main.o
       392          4         17          0          0         92   __printf_flags_ss_wp.o
        14          0          0          0          0         68   __printf_wp.o
         0          0          0          0          0          0   __rtentry.o
        12          0          0          0          0          0   __rtentry2.o
         6          0          0          0          0          0   __rtentry4.o
        52          8          0          0          0          0   __scatter.o
        28          0          0          0          0          0   __scatter_zi.o
        28          0          0          0          0         68   _chval.o
         6          0          0          0          0          0   _printf_a.o
         6          0          0          0          0          0   _printf_c.o
        44          0          0          0          0        108   _printf_char.o
        48          6          0          0          0         96   _printf_char_common.o
        40          0          0          0          0         68   _printf_charcount.o
         6          0          0          0          0          0   _printf_d.o
       120         16          0          0          0         92   _printf_dec.o
         6          0          0          0          0          0   _printf_e.o
         6          0          0          0          0          0   _printf_f.o
      1054          0          0          0          0        216   _printf_fp_dec.o
       764          8         38          0          0        100   _printf_fp_hex.o
       128         16          0          0          0         84   _printf_fp_infnan.o
         6          0          0          0          0          0   _printf_g.o
       148          4         40          0          0        160   _printf_hex_int_ll_ptr.o
         6          0          0          0          0          0   _printf_i.o
       178          0          0          0          0         88   _printf_intcommon.o
        10          0          0          0          0          0   _printf_l.o
         6          0          0          0          0          0   _printf_lc.o
        10          0          0          0          0          0   _printf_ll.o
         6          0          0          0          0          0   _printf_lld.o
         6          0          0          0          0          0   _printf_lli.o
         6          0          0          0          0          0   _printf_llo.o
         6          0          0          0          0          0   _printf_llu.o
         6          0          0          0          0          0   _printf_llx.o
       124         16          0          0          0         92   _printf_longlong_dec.o
         6          0          0          0          0          0   _printf_ls.o
         6          0          0          0          0          0   _printf_n.o
         6          0          0          0          0          0   _printf_o.o
       112         10          0          0          0        124   _printf_oct_int_ll.o
         6          0          0          0          0          0   _printf_p.o
        78          0          0          0          0        108   _printf_pad.o
         0          0          0          0          0          0   _printf_percent.o
         4          0          0          0          0          0   _printf_percent_end.o
         6          0          0          0          0          0   _printf_s.o
        82          0          0          0          0         80   _printf_str.o
        36          0          0          0          0         84   _printf_truncate.o
         6          0          0          0          0          0   _printf_u.o
        44          0          0          0          0        108   _printf_wchar.o
       188          6          8          0          0         92   _printf_wctomb.o
         6          0          0          0          0          0   _printf_x.o
        22          0          0          0          0        100   _rserrno.o
        64          0          0          0          0         84   _sgetc.o
        10          0          0          0          0         68   _sputc.o
       158          0          0          0          0         92   _strtoul.o
        64          0          0          0          0         92   _wcrtomb.o
        26          0          0          0          0         80   atoi.o
       228          4        148          0          0         96   bigflt0.o
      2152        136          0          0          0        960   btod.o
        18          0          0          0          0         80   exit.o
         6          0          0          0          0        152   heapauxi.o
         0          0          0          0          0          0   indicate_semi.o
        18          0          0          0          0         76   isspace.o
        44         10        272          0          0         76   lc_ctype_c.o
        44         10         28          0          0         76   lc_numeric_c.o
         2          0          0          0          0          0   libinit.o
        30          0          0          0          0          0   libinit2.o
         2          0          0          0          0          0   libshutdown.o
         2          0          0          0          0          0   libshutdown2.o
         8          4          0          0         96         68   libspace.o
        38          0          0          0          0         68   llshl.o
       138          0          0          0          0         80   lludiv10.o
        16          4          0          0          0         76   rt_ctype_table.o
         8          4          0          0          0         68   rt_errno_addr_intlibspace.o
         8          4          0          0          0         68   rt_locale_intlibspace.o
         2          0          0          0          0          0   rtexit.o
        10          0          0          0          0          0   rtexit2.o
      1272         16          0          0          0        168   scanf_fp.o
       800         14          0          0          0        100   scanf_hexfp.o
       308         16          0          0          0        100   scanf_infnan.o
       128          0          0          0          0         68   strcmpv7m.o
        32          0          0          0          0         80   strcspn.o
        28          0          0          0          0         80   strspn.o
       164         14          0          0          0        120   strtod.o
        12          6          0          4          0         68   strtok.o
        68          4          0          0          0         84   strtok_int.o
       112          0          0          0          0         88   strtol.o
        12          4          0          0          0         68   sys_exit.o
        74          0          0          0          0         80   sys_stackheap_outer.o
         2          0          0          0          0         68   use_no_semi.o
        36          4          0          0          0         76   vsprintf.o
        98          4          0          0          0         92   d2f.o
       826         16          0          0          0        348   daddsub_clz.o
        16          4          0          0          0         68   dcheck1.o
        24          0          0          0          0         68   dcmpi.o
       688        140          0          0          0        208   ddiv.o
       120          4          0          0          0         92   deqf.o
        46          0          0          0          0         68   dflt_clz.o
       120          4          0          0          0         92   dleqf.o
       340         12          0          0          0        104   dmul.o
       156          4          0          0          0         92   dnaninf.o
        12          0          0          0          0         68   dretinf.o
       108          0          0          0          0         80   drleqf.o
        86          4          0          0          0         84   f2d.o
       430          8          0          0          0        168   faddsub_clz.o
        24          0          0          0          0         68   fcmpi.o
       388         76          0          0          0         96   fdiv.o
       104          4          0          0          0         84   feqf.o
        54          4          0          0          0         84   ffix.o
       104          4          0          0          0         84   fleqf.o
       258          4          0          0          0         84   fmul.o
       140          4          0          0          0         84   fnaninf.o
         0          0         16          0          0          0   fpconst.o
        10          0          0          0          0         68   fretinf.o
        98          0          0          0          0         68   frleqf.o
         6          0          0          0          0         68   istatus.o
         4          0          0          0          0         68   printf1.o
         4          0          0          0          0         68   printf2.o
       100          0          0          0          0         68   retnan.o
        92          0          0          0          0         68   scalbn.o
         4          0          0          0          0         68   scanf1.o
         8          0          0          0          0         84   scanf2.o
        48          0          0          0          0         68   trapv.o
         0          0          0          0          0          0   usenofp.o
       544         70        152          0          0        124   atan.o
       384         38          0          0          0        144   atan2.o
        42          0          0          0          0         84   atof.o
        40          6          0          0          0        272   dunder.o
        40          0          0          0          0         68   fpclassify.o
        88          8          0          0          0         76   frexp.o
       138          0          0          0          0        160   ldexp.o
       204          4          0          0          0        168   narrow.o
       170          0          0          0          0         96   poly.o
         0          0          8          0          0          0   qnan.o

    ----------------------------------------------------------------------
     16322        770        736          4         96       9808   Library Totals
        28          0          9          0          0          0   (incl. Padding)

    ----------------------------------------------------------------------

      Code (inc. data)   RO Data    RW Data    ZI Data      Debug   Library Name

     10128        348        551          4         96       5704   c_w.l
      4516        296         16          0          0       2912   fz_ws.l
      1650        126        160          0          0       1192   m_ws.l

    ----------------------------------------------------------------------
     16322        770        736          4         96       9808   Library Totals

    ----------------------------------------------------------------------

==============================================================================


      Code (inc. data)   RO Data    RW Data    ZI Data      Debug   

     26172       1746       3388        300       2756     578909   Grand Totals
     26172       1746       3388         80       2756     578909   ELF Image Totals (compressed)
     26172       1746       3388         80          0          0   ROM Totals

==============================================================================

    Total RO  Size (Code + RO Data)                29560 (  28.87kB)
    Total RW  Size (RW Data + ZI Data)              3056 (   2.98kB)
    Total ROM Size (Code + RO Data + RW Data)      29640 (  28.95kB)

==============================================================================

